GNU Tool Chain  

Linker command line:

--edf=E:\FMDprogrammer\Compiler\data\dat\en_msgs.txt -cs \
  -h+ft61fc4x_io_interrupt.sym --cmf=ft61fc4x_io_interrupt.cmf -z \
  -QFT61F14X -oC:\Users\17443\AppData\Local\Temp\suq0.2 \
  -Mft61fc4x_io_interrupt.map -E1 -ver=XC8 -ASTACK=0209Dh-021efh \
  -pstack=STACK -ACODE=00h-07FFhx2 -ASTRCODE=00h-0FFFh -ASTRING=00h-0FFhx16 \
  -ACONST=00h-0FFhx16 -AENTRY=00h-0FFhx16 -ACOMMON=070h-07Fh \
  -ABANK0=020h-06Fh -ABANK1=0A0h-0EFh -ABANK2=0120h-016Fh \
  -ABANK3=01A0h-01EFh -ABANK4=0220h-026Fh -ABANK5=02A0h-02EFh \
  -ABANK6=0320h-032Fh -ABIGRAM=02000h-021EFh \
  -ARAM=020h-06Fh,0A0h-0EFh,0120h-016Fh,01A0h-01EFh,0220h-026Fh,02A0h-02EFh,0320h-032Fh \
  -AABS1=020h-07Fh,0A0h-0EFh,0120h-016Fh,01A0h-01EFh,0220h-026Fh,02A0h-02EFh,0320h-032Fh \
  -ASFR0=00h-01Fh -ASFR1=080h-09Fh -ASFR2=0100h-011Fh -ASFR3=0180h-019Fh \
  -ASFR4=0200h-021Fh -ASFR5=0280h-029Fh -ASFR6=0300h-031Fh \
  -ASFR7=0380h-03EFh -ASFR8=0400h-046Fh -ASFR9=0480h-04EFh \
  -ASFR10=0500h-056Fh -ASFR11=0580h-05EFh -ASFR12=0600h-066Fh \
  -ASFR13=0680h-06EFh -ASFR14=0700h-076Fh -ASFR15=0780h-07EFh \
  -ASFR16=0800h-086Fh -ASFR17=0880h-08EFh -ASFR18=0900h-096Fh \
  -ASFR19=0980h-09EFh -ASFR20=0A00h-0A6Fh -ASFR21=0A80h-0AEFh \
  -ASFR22=0B00h-0B6Fh -ASFR23=0B80h-0BEFh -ASFR24=0C00h-0C6Fh \
  -ASFR25=0C80h-0CEFh -ASFR26=0D00h-0D6Fh -ASFR27=0D80h-0DEFh \
  -ASFR28=0E00h-0E6Fh -ASFR29=0E80h-0EEFh -ASFR30=0F00h-0F6Fh \
  -ASFR31=0F80h-0FEFh -preset_vec=00h,intentry=04h,init,end_init \
  -ppowerup=CODE -pcinit=CODE -pfunctab=ENTRY -ACONFIG=08007h-08008h \
  -pconfig=CONFIG -DCONFIG=2 -AIDLOC=08000h-08003h -pidloc=IDLOC -DIDLOC=2 \
  -AEEDATA=00h-07Fh/0F000h -peeprom_data=EEDATA -DEEDATA=2 -DCODE=2 \
  -DSTRCODE=2 -DSTRING=2 -DCONST=2 -DENTRY=2 -k \
  C:\Users\17443\AppData\Local\Temp\suq0.obj ft61fc4x_io_interrupt.obj 

Object code version is 3.11

Machine type is FT61F14X



                Name                               Link     Load   Length Selector   Space Scale
C:\Users\17443\AppData\Local\Temp\suq0.obj
                end_init                             17       17        2        8       0
                reset_vec                             0        0        2        0       0
ft61fc4x_io_interrupt.obj
                intentry                              4        4       13        8       0
                swtext1                             62E      62E        A      C5C       0
                text41                              394      394      21C        8       0
                text7                                19       19      37B        8       0
                cstackBANK0                          20       20       24       20       1
                cstackCOMMON                         70       70        E       70       1
                cstackBANK1                          A0       A0       30       A0       1
                clrtext                             667      667        6      CC2       0
                inittext                            661      661        6      CC2       0
                dataBANK1                            D0       D0       15       A0       1
                bssBANK1                             E5       E5        8       A0       1
                bssBANK0                             44       44       11       20       1
                stringtext11                        66D      66D        4      CDA       0
                stringtext10                        659      659        8      C70       0
                stringtext9                         651      651        8      C70       0
                stringtext8                         649      649        8      C70       0
                stringtext7                         641      641        8      C70       0
                stringtext6                         638      638        9      C70       0
                stringtext5                         624      624        A      C06       0
                stringtext4                         61A      61A        A      C06       0
                stringtext3                         60F      60F        B      C06       0
                stringtext2                         603      603        C      C06       0
                stringtext1                         5B0      5B0       3E      B60       0
                idataBANK1                          5EE      5EE       15      BDC       0

TOTAL           Name                               Link     Load   Length     Space
        CLASS   STACK          

        CLASS   CODE           
                end_init                             17       17        2         0
                intentry                              4        4       13         0
                reset_vec                             0        0        2         0
                text41                              394      394      21C         0
                text7                                19       19      37B         0
                clrtext                             667      667        6         0
                inittext                            661      661        6         0
                idataBANK1                          5EE      5EE       15         0

        CLASS   STRCODE        
                stringtext11                        66D      66D        4         0
                stringtext10                        659      659        8         0
                stringtext9                         651      651        8         0
                stringtext8                         649      649        8         0
                stringtext7                         641      641        8         0
                stringtext6                         638      638        9         0
                stringtext5                         624      624        A         0
                stringtext4                         61A      61A        A         0
                stringtext3                         60F      60F        B         0
                stringtext2                         603      603        C         0
                stringtext1                         5B0      5B0       3E         0

        CLASS   STRING         

        CLASS   CONST          
                swtext1                             62E      62E        A         0

        CLASS   ENTRY          

        CLASS   COMMON         
                cstackCOMMON                         70       70        E         1

        CLASS   BANK0          
                cstackBANK0                          20       20       24         1
                bssBANK0                             44       44       11         1

        CLASS   BANK1          
                cstackBANK1                          A0       A0       30         1
                dataBANK1                            D0       D0       15         1
                bssBANK1                             E5       E5        8         1

        CLASS   BANK2          

        CLASS   BANK3          

        CLASS   BANK4          

        CLASS   BANK5          

        CLASS   BANK6          

        CLASS   BIGRAM         

        CLASS   RAM            

        CLASS   ABS1           
                abs_s1                               7E       7E        2         1

        CLASS   SFR0           

        CLASS   SFR1           

        CLASS   SFR2           

        CLASS   SFR3           

        CLASS   SFR4           

        CLASS   SFR5           

        CLASS   SFR6           

        CLASS   SFR7           

        CLASS   SFR8           

        CLASS   SFR9           

        CLASS   SFR10          

        CLASS   SFR11          

        CLASS   SFR12          

        CLASS   SFR13          

        CLASS   SFR14          

        CLASS   SFR15          

        CLASS   SFR16          

        CLASS   SFR17          

        CLASS   SFR18          

        CLASS   SFR19          

        CLASS   SFR20          

        CLASS   SFR21          

        CLASS   SFR22          

        CLASS   SFR23          

        CLASS   SFR24          

        CLASS   SFR25          

        CLASS   SFR26          

        CLASS   SFR27          

        CLASS   SFR28          

        CLASS   SFR29          

        CLASS   SFR30          

        CLASS   SFR31          

        CLASS   CONFIG         

        CLASS   IDLOC          

        CLASS   EEDATA         

        CLASS   BANK31         

        CLASS   BANK30         

        CLASS   BANK29         

        CLASS   BANK28         

        CLASS   BANK27         

        CLASS   BANK26         

        CLASS   BANK25         

        CLASS   BANK24         

        CLASS   BANK23         

        CLASS   BANK22         

        CLASS   BANK21         

        CLASS   BANK20         

        CLASS   BANK19         

        CLASS   BANK18         

        CLASS   BANK17         

        CLASS   BANK16         

        CLASS   BANK15         

        CLASS   BANK14         

        CLASS   BANK13         

        CLASS   BANK12         

        CLASS   BANK11         

        CLASS   BANK10         

        CLASS   BANK9          

        CLASS   BANK8          

        CLASS   BANK7          



SEGMENTS        Name                           Load    Length   Top    Selector   Space  Class     Delta

                reset_vec                      000000  000002  000002         0       0  CODE        2
                intentry                       000004  0005AC  0005B0         8       0  CODE        2
                cstackBANK0                    000020  000035  000055        20       1  BANK0       1
                cstackCOMMON                   000070  00000E  00007E        70       1  COMMON      1
                cstackBANK1                    0000A0  00004D  0000ED        A0       1  BANK1       1
                stringtext1                    0005B0  00003E  0005EE       B60       0  STRCODE     2
                idataBANK1                     0005EE  000015  000603       BDC       0  CODE        2
                stringtext2                    000603  00002B  00062E       C06       0  STRCODE     2
                swtext1                        00062E  00000A  000638       C5C       0  CONST       2
                stringtext6                    000638  000029  000661       C70       0  STRCODE     2
                inittext                       000661  00000C  00066D       CC2       0  CODE        2
                stringtext11                   00066D  000004  000671       CDA       0  STRCODE     2


UNUSED ADDRESS RANGES

        Name                Unused          Largest block    Delta
        BANK0            0055-006F             1B           1
        BANK1            00ED-00EF              3           1
        BANK2            0120-016F             50           1
        BANK3            01A0-01EF             50           1
        BANK4            0220-026F             50           1
        BANK5            02A0-02EF             50           1
        BANK6            0320-032F             10           1
        BIGRAM           2000-21EF            1F0           1
        CODE             0002-0003              2           2
                         0671-0FFF            18F
        CONFIG           8007-8008              2           2
        CONST            0002-0003              2           2
                         0671-0FFF            100
        EEDATA           F000-F07F             80           2
        ENTRY            0002-0003              2           2
                         0671-0FFF            100
        IDLOC            8000-8003              4           2
        RAM              0055-006F             1B           1
                         00ED-00EF              3
                         0120-016F             50
                         01A0-01EF             50
                         0220-026F             50
                         02A0-02EF             50
                         0320-032F             10
        SFR0             0000-001F             20           1
        SFR1             0080-009F             20           1
        SFR10            0500-056F             70           1
        SFR11            0580-05EF             70           1
        SFR12            0600-066F             70           1
        SFR13            0680-06EF             70           1
        SFR14            0700-076F             70           1
        SFR15            0780-07EF             70           1
        SFR16            0800-086F             70           1
        SFR17            0880-08EF             70           1
        SFR18            0900-096F             70           1
        SFR19            0980-09EF             70           1
        SFR2             0100-011F             20           1
        SFR20            0A00-0A6F             70           1
        SFR21            0A80-0AEF             70           1
        SFR22            0B00-0B6F             70           1
        SFR23            0B80-0BEF             70           1
        SFR24            0C00-0C6F             70           1
        SFR25            0C80-0CEF             70           1
        SFR26            0D00-0D6F             70           1
        SFR27            0D80-0DEF             70           1
        SFR28            0E00-0E6F             70           1
        SFR29            0E80-0EEF             70           1
        SFR3             0180-019F             20           1
        SFR30            0F00-0F6F             70           1
        SFR31            0F80-0FEF             70           1
        SFR4             0200-021F             20           1
        SFR5             0280-029F             20           1
        SFR6             0300-031F             20           1
        SFR7             0380-03EF             70           1
        SFR8             0400-046F             70           1
        SFR9             0480-04EF             70           1
        STACK            209D-21EF            153           1
        STRCODE          0002-0003              2           2
                         0671-0FFF            98F
        STRING           0002-0003              2           2
                         0671-0FFF            100

                                  Symbol Table

?___lwdiv                        cstackBANK1  00A0
?___lwmod                        cstackBANK1  00A0
?___wmul                         cstackBANK1  00A0
?i1___lwdiv                      cstackCOMMON 0070
?i1___lwmod                      cstackCOMMON 0070
?i1___wmul                       cstackCOMMON 0070
Check_Battery_3_Stages@result    cstackBANK1  00A8
DelayMs@Time                     cstackBANK1  00A2
DelayMs@a                        cstackBANK1  00A6
DelayMs@b                        cstackBANK1  00A7
DelayUs@Time                     cstackBANK1  00A0
DelayUs@a                        cstackBANK1  00A1
FSM_Process@evt                  cstackBANK1  00CC
FSM_Process@i                    cstackBANK1  00CD
FSM_SendEvent@evt                cstackBANK1  00A0
PL10                             text7        037F
PL12                             text7        0388
PL14                             text41       05AA
PL16                             text7        038E
PL2                              text7        0366
PL4                              text7        036E
PL6                              text7        0373
PL8                              text41       059E
UART_BatStatue@data              cstackBANK1  00A9
UART_ISR@addr                    cstackBANK0  0040
UART_ISR@b                       cstackBANK0  0043
UART_ISR@data_idx                bssBANK0     0053
UART_ISR@data_len                bssBANK0     0052
UART_ISR@i                       cstackBANK0  0042
UART_ISR@ps                      bssBANK0     0054
UART_ISR@rx_buf                  bssBANK0     0044
UART_SendATCmd@cmd               cstackBANK1  00A1
UART_SendATCmd@j                 cstackBANK1  00A6
UART_SendATCmd_ADR@F2546         dataBANK1    00D0
UART_SendATCmd_ADR@addr          cstackBANK1  00B3
UART_SendATCmd_ADR@buf           cstackBANK1  00B6
UART_SendByte@data               cstackBANK1  00A0
UART_SendConnect@data            cstackBANK1  00AB
UART_SendFrame@data              cstackBANK1  00A1
UART_SendFrame@func              cstackBANK1  00A4
UART_SendFrame@i                 cstackBANK1  00A5
UART_SendFrame@len               cstackBANK1  00A2
UART_SendValveStatus@data        cstackBANK1  00A7
UART_SendValveStatus@is_open     cstackBANK1  00A6
_AFP1                            (abs)        019F
_ANSELA                          (abs)        0197
_BSREG                           (abs)        0008
_Check_Battery_3_Stages          text7        00F5
_DelayMs                         text7        0199
_DelayUs                         text7        01D9
_Do_GoSleep                      text7        0031
_Do_MotorClose                   text7        001B
_Do_MotorDone                    text7        034C
_Do_MotorOpen                    text7        0023
_Do_MotorStop                    text7        002C
_Do_PairDone                     text7        001A
_Do_PairStart                    text7        0036
_Do_PairTimeOut                  text7        0019
_Do_WakeUp                       text7        008A
_EPIE0                           (abs)        0094
_EPIF0                           (abs)        0014
_EPS0                            (abs)        0118
_EPS1                            (abs)        0119
_FSM_Process                     text7        01E3
_FSM_SendEvent                   text7        02A9
_GIE                             (abs)        005F
_INTCON                          (abs)        000B
_IO_INT_INITIAL                  text7        029A
_ISR                             intentry     0004
_ITYPE0                          (abs)        011E
_ITYPE1                          (abs)        011F
_LVDCON0                         (abs)        0199
_Motor_Close                     text7        001F
_Motor_Open                      text7        0028
_Motor_Stop                      text7        0353
_ODCON0                          (abs)        021F
_OSCCON                          (abs)        0099
_PC1                             (abs)        0071
_PCKEN                           (abs)        009A
_PORTA                           (abs)        000C
_PORTAbits                       (abs)        000C
_PORTB                           (abs)        000D
_PORTBbits                       (abs)        000D
_PORTC                           (abs)        000E
_POWER_INITIAL                   text7        024E
_PSINK0                          (abs)        019A
_PSINK1                          (abs)        019B
_PSINK2                          (abs)        019C
_PSRC0                           (abs)        011A
_PSRC1                           (abs)        011B
_PSRC2                           (abs)        011C
_RXNEF                           (abs)        2490
_Radio_Init                      text7        0116
_Radio_Sleep                     text7        02A7
_Radio_Wake                      text7        0295
_Sys_EnterSleep                  text7        0090
_T4UIE                           (abs)        0890
_T4UIF                           (abs)        0898
_TCF                             (abs)        24E0
_TIM4ARR                         (abs)        0117
_TIM4CNTR                        (abs)        0115
_TIM4CR1                         (abs)        0111
_TIM4EGR                         (abs)        0114
_TIM4IER                         (abs)        0112
_TIM4PSCR                        (abs)        0116
_TIM4SR                          (abs)        0113
_TRISA                           (abs)        008C
_TRISB                           (abs)        008D
_TRISC                           (abs)        008E
_TXEF                            (abs)        2495
_Timer_ISR                       text41       0427
_Timer_Init                      text7        0275
_Timer_Reset                     text7        02AD
_UART_BatStatue                  text7        00CE
_UART_ISR                        text41       0394
_UART_ISR$8535                   cstackBANK0  003E
_UART_Init                       text7        0284
_UART_SendATCmd                  text7        0186
_UART_SendATCmd_ADR              text7        0048
_UART_SendByte                   text7        01CE
_UART_SendConnect                text7        003E
_UART_SendFrame                  text7        01B0
_UART_SendValveStatus            text7        0357
_URDATAL                         (abs)        048C
_URDLH                           (abs)        0495
_URDLL                           (abs)        0494
_URIER                           (abs)        048E
_URLCR                           (abs)        048F
_URMCR                           (abs)        0491
_URRXNE                          (abs)        2470
_WPDA                            (abs)        020C
_WPDB                            (abs)        020D
_WPDC                            (abs)        020E
_WPUA                            (abs)        018C
_WPUB                            (abs)        018D
_WPUC                            (abs)        018E
__Habs1                          abs1         0000
__Hbank0                         bank0        0000
__Hbank1                         bank1        0000
__Hbank10                        bank10       0000
__Hbank11                        bank11       0000
__Hbank12                        bank12       0000
__Hbank13                        bank13       0000
__Hbank14                        bank14       0000
__Hbank15                        bank15       0000
__Hbank16                        bank16       0000
__Hbank17                        bank17       0000
__Hbank18                        bank18       0000
__Hbank19                        bank19       0000
__Hbank2                         bank2        0000
__Hbank20                        bank20       0000
__Hbank21                        bank21       0000
__Hbank22                        bank22       0000
__Hbank23                        bank23       0000
__Hbank24                        bank24       0000
__Hbank25                        bank25       0000
__Hbank26                        bank26       0000
__Hbank27                        bank27       0000
__Hbank28                        bank28       0000
__Hbank29                        bank29       0000
__Hbank3                         bank3        0000
__Hbank30                        bank30       0000
__Hbank31                        bank31       0000
__Hbank4                         bank4        0000
__Hbank5                         bank5        0000
__Hbank6                         bank6        0000
__Hbank7                         bank7        0000
__Hbank8                         bank8        0000
__Hbank9                         bank9        0000
__Hbigram                        bigram       0000
__HbssBANK0                      bssBANK0     0000
__HbssBANK1                      bssBANK1     0000
__Hcinit                         cinit        0000
__Hclrtext                       clrtext      0000
__Hcode                          code         0000
__Hcommon                        common       0000
__Hconfig                        config       0000
__HcstackBANK0                   cstackBANK0  0000
__HcstackBANK1                   cstackBANK1  0000
__HcstackCOMMON                  cstackCOMMON 0000
__HdataBANK1                     dataBANK1    0000
__Heeprom_data                   eeprom_data  0000
__Hend_init                      end_init     0019
__Hfunctab                       functab      0000
__HidataBANK1                    idataBANK1   0000
__Hidloc                         idloc        0000
__Hinit                          init         0017
__Hinittext                      inittext     0000
__Hintentry                      intentry     0017
__Hmaintext                      maintext     0000
__Hpa_nodes0                     pa_nodes0    0000
__Hpowerup                       powerup      0000
__Hram                           ram          0000
__Hreset_vec                     reset_vec    0002
__Hsfr0                          sfr0         0000
__Hsfr1                          sfr1         0000
__Hsfr10                         sfr10        0000
__Hsfr11                         sfr11        0000
__Hsfr12                         sfr12        0000
__Hsfr13                         sfr13        0000
__Hsfr14                         sfr14        0000
__Hsfr15                         sfr15        0000
__Hsfr16                         sfr16        0000
__Hsfr17                         sfr17        0000
__Hsfr18                         sfr18        0000
__Hsfr19                         sfr19        0000
__Hsfr2                          sfr2         0000
__Hsfr20                         sfr20        0000
__Hsfr21                         sfr21        0000
__Hsfr22                         sfr22        0000
__Hsfr23                         sfr23        0000
__Hsfr24                         sfr24        0000
__Hsfr25                         sfr25        0000
__Hsfr26                         sfr26        0000
__Hsfr27                         sfr27        0000
__Hsfr28                         sfr28        0000
__Hsfr29                         sfr29        0000
__Hsfr3                          sfr3         0000
__Hsfr30                         sfr30        0000
__Hsfr31                         sfr31        0000
__Hsfr4                          sfr4         0000
__Hsfr5                          sfr5         0000
__Hsfr6                          sfr6         0000
__Hsfr7                          sfr7         0000
__Hsfr8                          sfr8         0000
__Hsfr9                          sfr9         0000
__Hspace_0                       (abs)        0671
__Hspace_1                       (abs)        00ED
__Hspace_2                       (abs)        0000
__Hspace_3                       (abs)        0000
__Hstack                         stack        0000
__Hstrings                       strings      0000
__Hstringtext1                   stringtext1  0000
__Hstringtext10                  stringtext10 0000
__Hstringtext11                  stringtext11 0000
__Hstringtext12                  stringtext12 0000
__Hstringtext2                   stringtext2  0000
__Hstringtext3                   stringtext3  0000
__Hstringtext4                   stringtext4  0000
__Hstringtext5                   stringtext5  0000
__Hstringtext6                   stringtext6  0000
__Hstringtext7                   stringtext7  0000
__Hstringtext8                   stringtext8  0000
__Hstringtext9                   stringtext9  0000
__Htext                          text         0000
__Labs1                          abs1         0000
__Lbank0                         bank0        0000
__Lbank1                         bank1        0000
__Lbank10                        bank10       0000
__Lbank11                        bank11       0000
__Lbank12                        bank12       0000
__Lbank13                        bank13       0000
__Lbank14                        bank14       0000
__Lbank15                        bank15       0000
__Lbank16                        bank16       0000
__Lbank17                        bank17       0000
__Lbank18                        bank18       0000
__Lbank19                        bank19       0000
__Lbank2                         bank2        0000
__Lbank20                        bank20       0000
__Lbank21                        bank21       0000
__Lbank22                        bank22       0000
__Lbank23                        bank23       0000
__Lbank24                        bank24       0000
__Lbank25                        bank25       0000
__Lbank26                        bank26       0000
__Lbank27                        bank27       0000
__Lbank28                        bank28       0000
__Lbank29                        bank29       0000
__Lbank3                         bank3        0000
__Lbank30                        bank30       0000
__Lbank31                        bank31       0000
__Lbank4                         bank4        0000
__Lbank5                         bank5        0000
__Lbank6                         bank6        0000
__Lbank7                         bank7        0000
__Lbank8                         bank8        0000
__Lbank9                         bank9        0000
__Lbigram                        bigram       0000
__LbssBANK0                      bssBANK0     0000
__LbssBANK1                      bssBANK1     0000
__Lcinit                         cinit        0000
__Lclrtext                       clrtext      0000
__Lcode                          code         0000
__Lcommon                        common       0000
__Lconfig                        config       0000
__LcstackBANK0                   cstackBANK0  0000
__LcstackBANK1                   cstackBANK1  0000
__LcstackCOMMON                  cstackCOMMON 0000
__LdataBANK1                     dataBANK1    0000
__Leeprom_data                   eeprom_data  0000
__Lend_init                      end_init     0017
__Lfunctab                       functab      0000
__LidataBANK1                    idataBANK1   0000
__Lidloc                         idloc        0000
__Linit                          init         0017
__Linittext                      inittext     0000
__Lintentry                      intentry     0004
__Lmaintext                      maintext     0000
__Lpa_nodes0                     pa_nodes0    0000
__Lpowerup                       powerup      0000
__Lram                           ram          0000
__Lreset_vec                     reset_vec    0000
__Lsfr0                          sfr0         0000
__Lsfr1                          sfr1         0000
__Lsfr10                         sfr10        0000
__Lsfr11                         sfr11        0000
__Lsfr12                         sfr12        0000
__Lsfr13                         sfr13        0000
__Lsfr14                         sfr14        0000
__Lsfr15                         sfr15        0000
__Lsfr16                         sfr16        0000
__Lsfr17                         sfr17        0000
__Lsfr18                         sfr18        0000
__Lsfr19                         sfr19        0000
__Lsfr2                          sfr2         0000
__Lsfr20                         sfr20        0000
__Lsfr21                         sfr21        0000
__Lsfr22                         sfr22        0000
__Lsfr23                         sfr23        0000
__Lsfr24                         sfr24        0000
__Lsfr25                         sfr25        0000
__Lsfr26                         sfr26        0000
__Lsfr27                         sfr27        0000
__Lsfr28                         sfr28        0000
__Lsfr29                         sfr29        0000
__Lsfr3                          sfr3         0000
__Lsfr30                         sfr30        0000
__Lsfr31                         sfr31        0000
__Lsfr4                          sfr4         0000
__Lsfr5                          sfr5         0000
__Lsfr6                          sfr6         0000
__Lsfr7                          sfr7         0000
__Lsfr8                          sfr8         0000
__Lsfr9                          sfr9         0000
__Lspace_0                       (abs)        0000
__Lspace_1                       (abs)        0000
__Lspace_2                       (abs)        0000
__Lspace_3                       (abs)        0000
__Lstack                         stack        0000
__Lstrings                       strings      0000
__Lstringtext1                   stringtext1  0000
__Lstringtext10                  stringtext10 0000
__Lstringtext11                  stringtext11 0000
__Lstringtext12                  stringtext12 0000
__Lstringtext2                   stringtext2  0000
__Lstringtext3                   stringtext3  0000
__Lstringtext4                   stringtext4  0000
__Lstringtext5                   stringtext5  0000
__Lstringtext6                   stringtext6  0000
__Lstringtext7                   stringtext7  0000
__Lstringtext8                   stringtext8  0000
__Lstringtext9                   stringtext9  0000
__Ltext                          text         0000
__S0                             (abs)        0671
__S1                             (abs)        00ED
__S2                             (abs)        0000
__S3                             (abs)        0000
___int_sp                        stack        0000
___latbits                       (abs)        0001
___lwdiv                         text7        0301
___lwdiv@counter                 cstackBANK1  00A4
___lwdiv@dividend                cstackBANK1  00A2
___lwdiv@divisor                 cstackBANK1  00A0
___lwdiv@quotient                cstackBANK1  00A5
___lwmod                         text7        0326
___lwmod@counter                 cstackBANK1  00A4
___lwmod@dividend                cstackBANK1  00A2
___lwmod@divisor                 cstackBANK1  00A0
___sp                            stack        0000
___wmul                          text7        0239
___wmul@multiplicand             cstackBANK1  00A2
___wmul@multiplier               cstackBANK1  00A0
___wmul@product                  cstackBANK1  00A4
__end_ofPL10                     text7        0388
__end_ofPL12                     text7        038E
__end_ofPL14                     text41       05B0
__end_ofPL16                     text7        0394
__end_ofPL2                      text7        036E
__end_ofPL4                      text7        0373
__end_ofPL6                      text7        037F
__end_ofPL8                      text41       05AA
__end_of_Check_Battery_3_Stages  text7        0116
__end_of_DelayMs                 text7        01B0
__end_of_DelayUs                 text7        01E3
__end_of_Do_GoSleep              text7        0036
__end_of_Do_MotorClose           text7        001F
__end_of_Do_MotorDone            text7        0353
__end_of_Do_MotorOpen            text7        0028
__end_of_Do_MotorStop            text7        0031
__end_of_Do_PairDone             text7        001B
__end_of_Do_PairStart            text7        003E
__end_of_Do_PairTimeOut          text7        001A
__end_of_Do_WakeUp               text7        0090
__end_of_FSM_Process             text7        0239
__end_of_FSM_SendEvent           text7        02AD
__end_of_IO_INT_INITIAL          text7        02A7
__end_of_ISR                     intentry     0017
__end_of_Motor_Close             text7        0023
__end_of_Motor_Open              text7        002C
__end_of_Motor_Stop              text7        0357
__end_of_POWER_INITIAL           text7        0275
__end_of_Radio_Init              text7        0186
__end_of_Radio_Sleep             text7        02A9
__end_of_Radio_Wake              text7        029A
__end_of_Sys_EnterSleep          text7        00AF
__end_of_Timer_ISR               text41       0483
__end_of_Timer_Init              text7        0284
__end_of_Timer_Reset             text7        02B1
__end_of_UART_BatStatue          text7        00DC
__end_of_UART_ISR                text41       0427
__end_of_UART_Init               text7        0295
__end_of_UART_SendATCmd          text7        0199
__end_of_UART_SendATCmd_ADR      text7        0067
__end_of_UART_SendByte           text7        01D9
__end_of_UART_SendConnect        text7        0048
__end_of_UART_SendFrame          text7        01CE
__end_of_UART_SendValveStatus    text7        0366
__end_of___lwdiv                 text7        0326
__end_of___lwmod                 text7        0346
__end_of___wmul                  text7        024E
__end_of__initialization         text7        00CB
__end_of_func_data_len           text41       0498
__end_of_led_fast_flashing       text7        008A
__end_of_main                    text7        00F5
__end_of_sys_fsm                 stringtext1  05DD
__end_of_uart_EnterMode          text7        034C
__end_of_uint_to_str             text7        0301
__end_ofi1_DelayMs               text41       0595
__end_ofi1_DelayUs               text41       059E
__end_ofi1_FSM_SendEvent         text41       0487
__end_ofi1_UART_SendATCmd        text41       04CC
__end_ofi1_UART_SendATCmd_ADR    text41       04B9
__end_ofi1_UART_SendByte         text41       04D4
__end_ofi1___lwdiv               text41       0549
__end_ofi1___lwmod               text41       0569
__end_ofi1___wmul                text41       057E
__end_ofi1_uint_to_str           text41       0524
__initialization                 text7        00AF
__pbssBANK0                      bssBANK0     0044
__pbssBANK1                      bssBANK1     00E5
__pcstackBANK0                   cstackBANK0  0020
__pcstackBANK1                   cstackBANK1  00A0
__pcstackCOMMON                  cstackCOMMON 0070
__pdataBANK1                     dataBANK1    00D0
__pidataBANK1                    idataBANK1   05EE
__pintentry                      intentry     0004
__pmaintext                      text7        00DC
__pstringtext1                   stringtext1  05B0
__pstringtext10                  stringtext10 0659
__pstringtext11                  stringtext11 066D
__pstringtext12                  stringtext12 0000
__pstringtext2                   stringtext2  0603
__pstringtext3                   stringtext3  060F
__pstringtext4                   stringtext4  061A
__pstringtext5                   stringtext5  0624
__pstringtext6                   stringtext6  0638
__pstringtext7                   stringtext7  0641
__pstringtext8                   stringtext8  0649
__pstringtext9                   stringtext9  0651
__pswtext1                       swtext1      062E
__ptext1                         text7        0284
__ptext10                        text7        001B
__ptext11                        text7        0023
__ptext12                        text7        001A
__ptext13                        text7        0036
__ptext14                        text7        0031
__ptext15                        text7        008A
__ptext16                        text7        00CE
__ptext17                        text7        00F5
__ptext18                        text7        0346
__ptext19                        text7        0048
__ptext2                         text7        0275
__ptext20                        text7        02B1
__ptext21                        text7        0326
__ptext22                        text7        0301
__ptext23                        text7        0186
__ptext24                        text7        003E
__ptext25                        text7        0028
__ptext26                        text7        0067
__ptext27                        text7        0357
__ptext28                        text7        01B0
__ptext29                        text7        01CE
__ptext3                         text7        0116
__ptext30                        text7        02AD
__ptext31                        text7        001F
__ptext32                        text7        0090
__ptext33                        text7        0295
__ptext34                        text7        0199
__ptext35                        text7        01D9
__ptext36                        text7        02A7
__ptext37                        text7        029A
__ptext38                        text7        02A9
__ptext39                        text7        0353
__ptext4                         text7        024E
__ptext41                        text41       0394
__ptext42                        text41       0569
__ptext43                        text41       0498
__ptext44                        text41       04D4
__ptext45                        text41       0549
__ptext46                        text41       0524
__ptext47                        text41       04B9
__ptext48                        text41       04CC
__ptext49                        text41       057E
__ptext5                         text7        01E3
__ptext50                        text41       0595
__ptext51                        text41       0487
__ptext52                        text41       0427
__ptext53                        text41       0483
__ptext6                         text7        0239
__ptext7                         text7        0019
__ptext8                         text7        034C
__ptext9                         text7        002C
__size_of_Check_Battery_3_Stages (abs)        0000
__size_of_DelayMs                (abs)        0000
__size_of_DelayUs                (abs)        0000
__size_of_Do_GoSleep             (abs)        0000
__size_of_Do_MotorClose          (abs)        0000
__size_of_Do_MotorDone           (abs)        0000
__size_of_Do_MotorOpen           (abs)        0000
__size_of_Do_MotorStop           (abs)        0000
__size_of_Do_PairDone            (abs)        0000
__size_of_Do_PairStart           (abs)        0000
__size_of_Do_PairTimeOut         (abs)        0000
__size_of_Do_WakeUp              (abs)        0000
__size_of_FSM_Process            (abs)        0000
__size_of_FSM_SendEvent          (abs)        0000
__size_of_IO_INT_INITIAL         (abs)        0000
__size_of_ISR                    (abs)        0000
__size_of_Motor_Close            (abs)        0000
__size_of_Motor_Open             (abs)        0000
__size_of_Motor_Stop             (abs)        0000
__size_of_POWER_INITIAL          (abs)        0000
__size_of_Radio_Init             (abs)        0000
__size_of_Radio_Sleep            (abs)        0000
__size_of_Radio_Wake             (abs)        0000
__size_of_Sys_EnterSleep         (abs)        0000
__size_of_Timer_ISR              (abs)        0000
__size_of_Timer_Init             (abs)        0000
__size_of_Timer_Reset            (abs)        0000
__size_of_UART_BatStatue         (abs)        0000
__size_of_UART_ISR               (abs)        0000
__size_of_UART_Init              (abs)        0000
__size_of_UART_SendATCmd         (abs)        0000
__size_of_UART_SendATCmd_ADR     (abs)        0000
__size_of_UART_SendByte          (abs)        0000
__size_of_UART_SendConnect       (abs)        0000
__size_of_UART_SendFrame         (abs)        0000
__size_of_UART_SendValveStatus   (abs)        0000
__size_of___lwdiv                (abs)        0000
__size_of___lwmod                (abs)        0000
__size_of___wmul                 (abs)        0000
__size_of_func_data_len          (abs)        0000
__size_of_led_fast_flashing      (abs)        0000
__size_of_main                   (abs)        0000
__size_of_uart_EnterMode         (abs)        0000
__size_of_uint_to_str            (abs)        0000
__size_ofi1_DelayMs              (abs)        0000
__size_ofi1_DelayUs              (abs)        0000
__size_ofi1_FSM_SendEvent        (abs)        0000
__size_ofi1_UART_SendATCmd       (abs)        0000
__size_ofi1_UART_SendATCmd_ADR   (abs)        0000
__size_ofi1_UART_SendByte        (abs)        0000
__size_ofi1___lwdiv              (abs)        0000
__size_ofi1___lwmod              (abs)        0000
__size_ofi1___wmul               (abs)        0000
__size_ofi1_uint_to_str          (abs)        0000
_func_data_len                   text41       0487
_g_current_state                 dataBANK1    00E4
_g_system_evt                    bssBANK1     00EC
_g_timer_count                   bssBANK0     0050
_key_press_cnt                   bssBANK0     004E
_led_blink_cnt                   bssBANK0     004C
_led_fast_flashing               text7        0067
_main                            text7        00DC
_s_valve_open                    bssBANK1     00EB
_sys_fsm                         stringtext1  05B0
_uart_EnterMode                  text7        0346
_uint_to_str                     text7        02B1
btemp                            (abs)        007E
clear_ram0                       clrtext      0667
end_of_initialization            text7        00CB
func_data_len@func               cstackCOMMON 0070
i1DelayMs@Time                   cstackCOMMON 0072
i1DelayMs@a                      cstackCOMMON 0076
i1DelayMs@b                      cstackCOMMON 0077
i1DelayUs@Time                   cstackCOMMON 0070
i1DelayUs@a                      cstackCOMMON 0071
i1FSM_SendEvent@evt              cstackCOMMON 0070
i1UART_SendATCmd@cmd             cstackCOMMON 0071
i1UART_SendATCmd@j               cstackCOMMON 0076
i1UART_SendATCmd_ADR@addr        cstackCOMMON 007B
i1UART_SendATCmd_ADR@buf         cstackBANK0  0028
i1UART_SendByte@data             cstackCOMMON 0070
i1_DelayMs                       text41       057E
i1_DelayUs                       text41       0595
i1_FSM_SendEvent                 text41       0483
i1_UART_SendATCmd                text41       04B9
i1_UART_SendATCmd_ADR            text41       0498
i1_UART_SendByte                 text41       04CC
i1___lwdiv                       text41       0524
i1___lwdiv@counter               cstackCOMMON 0076
i1___lwdiv@dividend              cstackCOMMON 0072
i1___lwdiv@divisor               cstackCOMMON 0070
i1___lwdiv@quotient              cstackCOMMON 0074
i1___lwmod                       text41       0549
i1___lwmod@counter               cstackCOMMON 0074
i1___lwmod@dividend              cstackCOMMON 0072
i1___lwmod@divisor               cstackCOMMON 0070
i1___wmul                        text41       0569
i1___wmul@multiplicand           cstackCOMMON 0072
i1___wmul@multiplier             cstackCOMMON 0070
i1___wmul@product                cstackCOMMON 0074
i1_uint_to_str                   text41       04D4
i1uint_to_str@buf                cstackCOMMON 0079
i1uint_to_str@i                  cstackBANK0  0027
i1uint_to_str@j                  cstackBANK0  0026
i1uint_to_str@tmp                cstackBANK0  0020
i1uint_to_str@val                cstackCOMMON 0077
init_ram                         inittext     0661
int$flags                        (abs)        007E
intlevel0                        functab      0000
intlevel1                        functab      0000
intlevel2                        functab      0000
intlevel3                        functab      0000
intlevel4                        functab      0000
intlevel5                        functab      0000
led_fast_flashing@i              cstackBANK1  00A9
main@temp_evt                    cstackBANK1  00CF
reset_vec                        reset_vec    0000
stackhi                          (abs)        21EF
stacklo                          (abs)        209D
start                            init         0017
start_initialization             text7        00AF
uint_to_str@F2538                bssBANK1     00E5
uint_to_str@buf                  cstackBANK1  00A9
uint_to_str@i                    cstackBANK1  00B2
uint_to_str@j                    cstackBANK1  00B1
uint_to_str@tmp                  cstackBANK1  00AB
uint_to_str@val                  cstackBANK1  00A7
wtemp0                           (abs)        007E


FUNCTION INFORMATION:

 *************** function _main *****************
 Defined at:
		line 81 in file "App\main.c"
 Parameters:    Size  Location     Type
		None
 Auto vars:     Size  Location     Type
  temp_evt        1   47[BANK1 ] enum E7
 Return value:  Size  Location     Type
                  1    wreg      void 
 Registers used:
		wreg, fsr0l, fsr0h, fsr1l, fsr1h, status,2, status,0, pclath, cstack
 Tracked objects:
		On entry : 
		On exit  : 
		Unchanged: 
 Data sizes:     COMMON   BANK0   BANK1   BANK2   BANK3   BANK4   BANK5   BANK6
      Params:         0       0       0       0       0       0       0       0
      Locals:         0       0       1       0       0       0       0       0
      Temps:          0       0       0       0       0       0       0       0
      Totals:         0       0       1       0       0       0       0       0
Total ram usage:        1 bytes
 Hardware stack levels required when called:   11
 This function calls:
		_DelayMs
		_FSM_Process
		_POWER_INITIAL
		_Radio_Init
		_Timer_Init
		_UART_Init
 This function is called by:
		Startup code after reset
 This function uses a non-reentrant model


 *************** function _UART_Init *****************
 Defined at:
		line 33 in file "Drivers\uart.c"
 Parameters:    Size  Location     Type
		None
 Auto vars:     Size  Location     Type
		None
 Return value:  Size  Location     Type
                  1    wreg      void 
 Registers used:
		wreg, status,2
 Tracked objects:
		On entry : 
		On exit  : 
		Unchanged: 
 Data sizes:     COMMON   BANK0   BANK1   BANK2   BANK3   BANK4   BANK5   BANK6
      Params:         0       0       0       0       0       0       0       0
      Locals:         0       0       0       0       0       0       0       0
      Temps:          0       0       0       0       0       0       0       0
      Totals:         0       0       0       0       0       0       0       0
Total ram usage:        0 bytes
 Hardware stack levels used:    1
 Hardware stack levels required when called:    5
 This function calls:
		Nothing
 This function is called by:
		_main
 This function uses a non-reentrant model


 *************** function _Timer_Init *****************
 Defined at:
		line 47 in file "Drivers\timer.c"
 Parameters:    Size  Location     Type
		None
 Auto vars:     Size  Location     Type
		None
 Return value:  Size  Location     Type
                  1    wreg      void 
 Registers used:
		wreg, status,2
 Tracked objects:
		On entry : 
		On exit  : 
		Unchanged: 
 Data sizes:     COMMON   BANK0   BANK1   BANK2   BANK3   BANK4   BANK5   BANK6
      Params:         0       0       0       0       0       0       0       0
      Locals:         0       0       0       0       0       0       0       0
      Temps:          0       0       0       0       0       0       0       0
      Totals:         0       0       0       0       0       0       0       0
Total ram usage:        0 bytes
 Hardware stack levels used:    1
 Hardware stack levels required when called:    5
 This function calls:
		Nothing
 This function is called by:
		_main
 This function uses a non-reentrant model


 *************** function _Radio_Init *****************
 Defined at:
		line 7 in file "Modules\radio.c"
 Parameters:    Size  Location     Type
		None
 Auto vars:     Size  Location     Type
		None
 Return value:  Size  Location     Type
                  1    wreg      void 
 Registers used:
		wreg, fsr0l, fsr0h, status,2, status,0, pclath, cstack
 Tracked objects:
		On entry : 
		On exit  : 
		Unchanged: 
 Data sizes:     COMMON   BANK0   BANK1   BANK2   BANK3   BANK4   BANK5   BANK6
      Params:         0       0       0       0       0       0       0       0
      Locals:         0       0       0       0       0       0       0       0
      Temps:          0       0       0       0       0       0       0       0
      Totals:         0       0       0       0       0       0       0       0
Total ram usage:        0 bytes
 Hardware stack levels used:    1
 Hardware stack levels required when called:    8
 This function calls:
		_DelayMs
		_Radio_Wake
		_UART_SendATCmd
 This function is called by:
		_main
 This function uses a non-reentrant model


 *************** function _POWER_INITIAL *****************
 Defined at:
		line 41 in file "App\main.c"
 Parameters:    Size  Location     Type
		None
 Auto vars:     Size  Location     Type
		None
 Return value:  Size  Location     Type
                  1    wreg      void 
 Registers used:
		wreg, status,2
 Tracked objects:
		On entry : 
		On exit  : 
		Unchanged: 
 Data sizes:     COMMON   BANK0   BANK1   BANK2   BANK3   BANK4   BANK5   BANK6
      Params:         0       0       0       0       0       0       0       0
      Locals:         0       0       0       0       0       0       0       0
      Temps:          0       0       0       0       0       0       0       0
      Totals:         0       0       0       0       0       0       0       0
Total ram usage:        0 bytes
 Hardware stack levels used:    1
 Hardware stack levels required when called:    5
 This function calls:
		Nothing
 This function is called by:
		_main
 This function uses a non-reentrant model


 *************** function _FSM_Process *****************
 Defined at:
		line 43 in file "App\app_fsm.c"
 Parameters:    Size  Location     Type
  evt             1    wreg     enum E7
 Auto vars:     Size  Location     Type
  evt             1   44[BANK1 ] enum E7
  i               2   45[BANK1 ] int 
 Return value:  Size  Location     Type
                  1    wreg      void 
 Registers used:
		wreg, fsr0l, fsr0h, fsr1l, fsr1h, status,2, status,0, pclath, cstack
 Tracked objects:
		On entry : 
		On exit  : 
		Unchanged: 
 Data sizes:     COMMON   BANK0   BANK1   BANK2   BANK3   BANK4   BANK5   BANK6
      Params:         0       0       0       0       0       0       0       0
      Locals:         0       0       3       0       0       0       0       0
      Temps:          0       0       2       0       0       0       0       0
      Totals:         0       0       5       0       0       0       0       0
Total ram usage:        5 bytes
 Hardware stack levels used:    1
 Hardware stack levels required when called:   10
 This function calls:
		_Do_GoSleep
		_Do_MotorClose
		_Do_MotorDone
		_Do_MotorOpen
		_Do_MotorStop
		_Do_PairDone
		_Do_PairStart
		_Do_PairTimeOut
		_Do_WakeUp
		___wmul
 This function is called by:
		_main
 This function uses a non-reentrant model


 *************** function ___wmul *****************
 Defined at:
		line 15 in file "E:\FMDprogrammer\Compiler\data\sources\common\Umul16.c"
 Parameters:    Size  Location     Type
  multiplier      2    0[BANK1 ] unsigned int 
  multiplicand    2    2[BANK1 ] unsigned int 
 Auto vars:     Size  Location     Type
  product         2    4[BANK1 ] unsigned int 
 Return value:  Size  Location     Type
                  2    0[BANK1 ] unsigned int 
 Registers used:
		wreg, status,2, status,0
 Tracked objects:
		On entry : 
		On exit  : 
		Unchanged: 
 Data sizes:     COMMON   BANK0   BANK1   BANK2   BANK3   BANK4   BANK5   BANK6
      Params:         0       0       4       0       0       0       0       0
      Locals:         0       0       2       0       0       0       0       0
      Temps:          0       0       0       0       0       0       0       0
      Totals:         0       0       6       0       0       0       0       0
Total ram usage:        6 bytes
 Hardware stack levels used:    1
 Hardware stack levels required when called:    5
 This function calls:
		Nothing
 This function is called by:
		_FSM_Process
 This function uses a non-reentrant model


 *************** function _Do_PairTimeOut *****************
 Defined at:
		line 23 in file "App\app_fsm.c"
 Parameters:    Size  Location     Type
		None
 Auto vars:     Size  Location     Type
		None
 Return value:  Size  Location     Type
                  1    wreg      void 
 Registers used:
		status,2, status,0, pclath, cstack
 Tracked objects:
		On entry : 
		On exit  : 
		Unchanged: 
 Data sizes:     COMMON   BANK0   BANK1   BANK2   BANK3   BANK4   BANK5   BANK6
      Params:         0       0       0       0       0       0       0       0
      Locals:         0       0       0       0       0       0       0       0
      Temps:          0       0       0       0       0       0       0       0
      Totals:         0       0       0       0       0       0       0       0
Total ram usage:        0 bytes
 Hardware stack levels used:    1
 Hardware stack levels required when called:    6
 This function calls:
		_Timer_Reset
 This function is called by:
		_FSM_Process
 This function uses a non-reentrant model


 *************** function _Do_MotorDone *****************
 Defined at:
		line 22 in file "App\app_fsm.c"
 Parameters:    Size  Location     Type
		None
 Auto vars:     Size  Location     Type
		None
 Return value:  Size  Location     Type
                  1    wreg      void 
 Registers used:
		wreg, fsr1l, fsr1h, status,2, status,0, pclath, cstack
 Tracked objects:
		On entry : 
		On exit  : 
		Unchanged: 
 Data sizes:     COMMON   BANK0   BANK1   BANK2   BANK3   BANK4   BANK5   BANK6
      Params:         0       0       0       0       0       0       0       0
      Locals:         0       0       0       0       0       0       0       0
      Temps:          0       0       0       0       0       0       0       0
      Totals:         0       0       0       0       0       0       0       0
Total ram usage:        0 bytes
 Hardware stack levels used:    1
 Hardware stack levels required when called:    8
 This function calls:
		_Motor_Stop
		_UART_SendValveStatus
		_led_fast_flashing
 This function is called by:
		_FSM_Process
 This function uses a non-reentrant model


 *************** function _Do_MotorStop *****************
 Defined at:
		line 21 in file "App\app_fsm.c"
 Parameters:    Size  Location     Type
		None
 Auto vars:     Size  Location     Type
		None
 Return value:  Size  Location     Type
                  1    wreg      void 
 Registers used:
		wreg, fsr1l, fsr1h, status,2, status,0, pclath, cstack
 Tracked objects:
		On entry : 
		On exit  : 
		Unchanged: 
 Data sizes:     COMMON   BANK0   BANK1   BANK2   BANK3   BANK4   BANK5   BANK6
      Params:         0       0       0       0       0       0       0       0
      Locals:         0       0       0       0       0       0       0       0
      Temps:          0       0       0       0       0       0       0       0
      Totals:         0       0       0       0       0       0       0       0
Total ram usage:        0 bytes
 Hardware stack levels used:    1
 Hardware stack levels required when called:    8
 This function calls:
		_Motor_Stop
		_UART_SendValveStatus
 This function is called by:
		_FSM_Process
 This function uses a non-reentrant model


 *************** function _Do_MotorClose *****************
 Defined at:
		line 20 in file "App\app_fsm.c"
 Parameters:    Size  Location     Type
		None
 Auto vars:     Size  Location     Type
		None
 Return value:  Size  Location     Type
                  1    wreg      void 
 Registers used:
		status,2, status,0, pclath, cstack
 Tracked objects:
		On entry : 
		On exit  : 
		Unchanged: 
 Data sizes:     COMMON   BANK0   BANK1   BANK2   BANK3   BANK4   BANK5   BANK6
      Params:         0       0       0       0       0       0       0       0
      Locals:         0       0       0       0       0       0       0       0
      Temps:          0       0       0       0       0       0       0       0
      Totals:         0       0       0       0       0       0       0       0
Total ram usage:        0 bytes
 Hardware stack levels used:    1
 Hardware stack levels required when called:    7
 This function calls:
		_Motor_Close
		_Timer_Reset
 This function is called by:
		_FSM_Process
 This function uses a non-reentrant model


 *************** function _Do_MotorOpen *****************
 Defined at:
		line 19 in file "App\app_fsm.c"
 Parameters:    Size  Location     Type
		None
 Auto vars:     Size  Location     Type
		None
 Return value:  Size  Location     Type
                  1    wreg      void 
 Registers used:
		status,2, status,0, pclath, cstack
 Tracked objects:
		On entry : 
		On exit  : 
		Unchanged: 
 Data sizes:     COMMON   BANK0   BANK1   BANK2   BANK3   BANK4   BANK5   BANK6
      Params:         0       0       0       0       0       0       0       0
      Locals:         0       0       0       0       0       0       0       0
      Temps:          0       0       0       0       0       0       0       0
      Totals:         0       0       0       0       0       0       0       0
Total ram usage:        0 bytes
 Hardware stack levels used:    1
 Hardware stack levels required when called:    7
 This function calls:
		_Motor_Open
		_Timer_Reset
 This function is called by:
		_FSM_Process
 This function uses a non-reentrant model


 *************** function _Do_PairDone *****************
 Defined at:
		line 18 in file "App\app_fsm.c"
 Parameters:    Size  Location     Type
		None
 Auto vars:     Size  Location     Type
		None
 Return value:  Size  Location     Type
                  1    wreg      void 
 Registers used:
		wreg, fsr1l, fsr1h, status,2, status,0, pclath, cstack
 Tracked objects:
		On entry : 
		On exit  : 
		Unchanged: 
 Data sizes:     COMMON   BANK0   BANK1   BANK2   BANK3   BANK4   BANK5   BANK6
      Params:         0       0       0       0       0       0       0       0
      Locals:         0       0       0       0       0       0       0       0
      Temps:          0       0       0       0       0       0       0       0
      Totals:         0       0       0       0       0       0       0       0
Total ram usage:        0 bytes
 Hardware stack levels used:    1
 Hardware stack levels required when called:    9
 This function calls:
		_UART_SendConnect
 This function is called by:
		_FSM_Process
 This function uses a non-reentrant model


 *************** function _Do_PairStart *****************
 Defined at:
		line 17 in file "App\app_fsm.c"
 Parameters:    Size  Location     Type
		None
 Auto vars:     Size  Location     Type
		None
 Return value:  Size  Location     Type
                  1    wreg      void 
 Registers used:
		wreg, fsr0l, fsr0h, fsr1l, fsr1h, status,2, status,0, pclath, cstack
 Tracked objects:
		On entry : 
		On exit  : 
		Unchanged: 
 Data sizes:     COMMON   BANK0   BANK1   BANK2   BANK3   BANK4   BANK5   BANK6
      Params:         0       0       0       0       0       0       0       0
      Locals:         0       0       0       0       0       0       0       0
      Temps:          0       0       0       0       0       0       0       0
      Totals:         0       0       0       0       0       0       0       0
Total ram usage:        0 bytes
 Hardware stack levels used:    1
 Hardware stack levels required when called:    9
 This function calls:
		_Timer_Reset
		_UART_SendATCmd_ADR
		_uart_EnterMode
 This function is called by:
		_FSM_Process
 This function uses a non-reentrant model


 *************** function _Do_GoSleep *****************
 Defined at:
		line 16 in file "App\app_fsm.c"
 Parameters:    Size  Location     Type
		None
 Auto vars:     Size  Location     Type
		None
 Return value:  Size  Location     Type
                  1    wreg      void 
 Registers used:
		wreg, status,2, status,0, pclath, cstack
 Tracked objects:
		On entry : 
		On exit  : 
		Unchanged: 
 Data sizes:     COMMON   BANK0   BANK1   BANK2   BANK3   BANK4   BANK5   BANK6
      Params:         0       0       0       0       0       0       0       0
      Locals:         0       0       0       0       0       0       0       0
      Temps:          0       0       0       0       0       0       0       0
      Totals:         0       0       0       0       0       0       0       0
Total ram usage:        0 bytes
 Hardware stack levels used:    1
 Hardware stack levels required when called:    9
 This function calls:
		_Motor_Stop
		_Radio_Sleep
		_Sys_EnterSleep
 This function is called by:
		_FSM_Process
 This function uses a non-reentrant model


 *************** function _Do_WakeUp *****************
 Defined at:
		line 15 in file "App\app_fsm.c"
 Parameters:    Size  Location     Type
		None
 Auto vars:     Size  Location     Type
		None
 Return value:  Size  Location     Type
                  1    wreg      void 
 Registers used:
		wreg, fsr1l, fsr1h, status,2, status,0, pclath, cstack
 Tracked objects:
		On entry : 
		On exit  : 
		Unchanged: 
 Data sizes:     COMMON   BANK0   BANK1   BANK2   BANK3   BANK4   BANK5   BANK6
      Params:         0       0       0       0       0       0       0       0
      Locals:         0       0       0       0       0       0       0       0
      Temps:          0       0       0       0       0       0       0       0
      Totals:         0       0       0       0       0       0       0       0
Total ram usage:        0 bytes
 Hardware stack levels used:    1
 Hardware stack levels required when called:    9
 This function calls:
		_Radio_Wake
		_Timer_Reset
		_UART_BatStatue
 This function is called by:
		_FSM_Process
 This function uses a non-reentrant model


 *************** function _UART_BatStatue *****************
 Defined at:
		line 225 in file "Drivers\uart.c"
 Parameters:    Size  Location     Type
		None
 Auto vars:     Size  Location     Type
  data            2    9[BANK1 ] unsigned char [2]
 Return value:  Size  Location     Type
                  1    wreg      void 
 Registers used:
		wreg, fsr1l, fsr1h, status,2, status,0, pclath, cstack
 Tracked objects:
		On entry : 
		On exit  : 
		Unchanged: 
 Data sizes:     COMMON   BANK0   BANK1   BANK2   BANK3   BANK4   BANK5   BANK6
      Params:         0       0       0       0       0       0       0       0
      Locals:         0       0       2       0       0       0       0       0
      Temps:          0       0       0       0       0       0       0       0
      Totals:         0       0       2       0       0       0       0       0
Total ram usage:        2 bytes
 Hardware stack levels used:    1
 Hardware stack levels required when called:    8
 This function calls:
		_Check_Battery_3_Stages
		_DelayMs
		_UART_SendFrame
 This function is called by:
		_Do_WakeUp
 This function uses a non-reentrant model


 *************** function _Check_Battery_3_Stages *****************
 Defined at:
		line 3 in file "Modules\bat.c"
 Parameters:    Size  Location     Type
		None
 Auto vars:     Size  Location     Type
  result          1    8[BANK1 ] unsigned char 
 Return value:  Size  Location     Type
                  1    wreg      unsigned char 
 Registers used:
		wreg, status,2, status,0, pclath, cstack
 Tracked objects:
		On entry : 
		On exit  : 
		Unchanged: 
 Data sizes:     COMMON   BANK0   BANK1   BANK2   BANK3   BANK4   BANK5   BANK6
      Params:         0       0       0       0       0       0       0       0
      Locals:         0       0       1       0       0       0       0       0
      Temps:          0       0       0       0       0       0       0       0
      Totals:         0       0       1       0       0       0       0       0
Total ram usage:        1 bytes
 Hardware stack levels used:    1
 Hardware stack levels required when called:    7
 This function calls:
		_DelayMs
 This function is called by:
		_UART_BatStatue
 This function uses a non-reentrant model


 *************** function _uart_EnterMode *****************
 Defined at:
		line 219 in file "Drivers\uart.c"
 Parameters:    Size  Location     Type
		None
 Auto vars:     Size  Location     Type
		None
 Return value:  Size  Location     Type
                  1    wreg      void 
 Registers used:
		wreg, status,2, status,0, pclath, cstack
 Tracked objects:
		On entry : 
		On exit  : 
		Unchanged: 
 Data sizes:     COMMON   BANK0   BANK1   BANK2   BANK3   BANK4   BANK5   BANK6
      Params:         0       0       0       0       0       0       0       0
      Locals:         0       0       0       0       0       0       0       0
      Temps:          0       0       0       0       0       0       0       0
      Totals:         0       0       0       0       0       0       0       0
Total ram usage:        0 bytes
 Hardware stack levels used:    1
 Hardware stack levels required when called:    8
 This function calls:
		_DelayMs
		_Radio_Wake
 This function is called by:
		_Do_PairStart
 This function uses a non-reentrant model


 *************** function _UART_SendATCmd_ADR *****************
 Defined at:
		line 161 in file "Drivers\uart.c"
 Parameters:    Size  Location     Type
  addr            2   19[BANK1 ] unsigned int 
 Auto vars:     Size  Location     Type
  buf            20   22[BANK1 ] unsigned char [20]
 Return value:  Size  Location     Type
                  1    wreg      void 
 Registers used:
		wreg, fsr0l, fsr0h, fsr1l, fsr1h, status,2, status,0, pclath, cstack
 Tracked objects:
		On entry : 
		On exit  : 
		Unchanged: 
 Data sizes:     COMMON   BANK0   BANK1   BANK2   BANK3   BANK4   BANK5   BANK6
      Params:         0       0       2       0       0       0       0       0
      Locals:         0       0      20       0       0       0       0       0
      Temps:          0       0       1       0       0       0       0       0
      Totals:         0       0      23       0       0       0       0       0
Total ram usage:       23 bytes
 Hardware stack levels used:    1
 Hardware stack levels required when called:    7
 This function calls:
		_DelayMs
		_UART_SendATCmd
		_uint_to_str
 This function is called by:
		_Do_PairStart
 This function uses a non-reentrant model


 *************** function _uint_to_str *****************
 Defined at:
		line 121 in file "Drivers\uart.c"
 Parameters:    Size  Location     Type
  val             2    7[BANK1 ] unsigned int 
  buf             1    9[BANK1 ] PTR unsigned char 
		 -> UART_SendATCmd_ADR@buf(20), 
 Auto vars:     Size  Location     Type
  tmp             6   11[BANK1 ] unsigned char [6]
  i               1   18[BANK1 ] unsigned char 
  j               1   17[BANK1 ] unsigned char 
 Return value:  Size  Location     Type
                  1    wreg      unsigned char 
 Registers used:
		wreg, fsr0l, fsr0h, fsr1l, fsr1h, status,2, status,0, pclath, cstack
 Tracked objects:
		On entry : 
		On exit  : 
		Unchanged: 
 Data sizes:     COMMON   BANK0   BANK1   BANK2   BANK3   BANK4   BANK5   BANK6
      Params:         0       0       3       0       0       0       0       0
      Locals:         0       0       8       0       0       0       0       0
      Temps:          0       0       1       0       0       0       0       0
      Totals:         0       0      12       0       0       0       0       0
Total ram usage:       12 bytes
 Hardware stack levels used:    1
 Hardware stack levels required when called:    6
 This function calls:
		___lwdiv
		___lwmod
 This function is called by:
		_UART_SendATCmd_ADR
 This function uses a non-reentrant model


 *************** function ___lwmod *****************
 Defined at:
		line 6 in file "E:\FMDprogrammer\Compiler\data\sources\common\lwmod.c"
 Parameters:    Size  Location     Type
  divisor         2    0[BANK1 ] unsigned int 
  dividend        2    2[BANK1 ] unsigned int 
 Auto vars:     Size  Location     Type
  counter         1    4[BANK1 ] unsigned char 
 Return value:  Size  Location     Type
                  2    0[BANK1 ] unsigned int 
 Registers used:
		wreg, status,2, status,0
 Tracked objects:
		On entry : 
		On exit  : 
		Unchanged: 
 Data sizes:     COMMON   BANK0   BANK1   BANK2   BANK3   BANK4   BANK5   BANK6
      Params:         0       0       4       0       0       0       0       0
      Locals:         0       0       1       0       0       0       0       0
      Temps:          0       0       0       0       0       0       0       0
      Totals:         0       0       5       0       0       0       0       0
Total ram usage:        5 bytes
 Hardware stack levels used:    1
 Hardware stack levels required when called:    5
 This function calls:
		Nothing
 This function is called by:
		_uint_to_str
 This function uses a non-reentrant model


 *************** function ___lwdiv *****************
 Defined at:
		line 6 in file "E:\FMDprogrammer\Compiler\data\sources\common\lwdiv.c"
 Parameters:    Size  Location     Type
  divisor         2    0[BANK1 ] unsigned int 
  dividend        2    2[BANK1 ] unsigned int 
 Auto vars:     Size  Location     Type
  quotient        2    5[BANK1 ] unsigned int 
  counter         1    4[BANK1 ] unsigned char 
 Return value:  Size  Location     Type
                  2    0[BANK1 ] unsigned int 
 Registers used:
		wreg, status,2, status,0
 Tracked objects:
		On entry : 
		On exit  : 
		Unchanged: 
 Data sizes:     COMMON   BANK0   BANK1   BANK2   BANK3   BANK4   BANK5   BANK6
      Params:         0       0       4       0       0       0       0       0
      Locals:         0       0       3       0       0       0       0       0
      Temps:          0       0       0       0       0       0       0       0
      Totals:         0       0       7       0       0       0       0       0
Total ram usage:        7 bytes
 Hardware stack levels used:    1
 Hardware stack levels required when called:    5
 This function calls:
		Nothing
 This function is called by:
		_uint_to_str
 This function uses a non-reentrant model


 *************** function _UART_SendATCmd *****************
 Defined at:
		line 146 in file "Drivers\uart.c"
 Parameters:    Size  Location     Type
  cmd             2    1[BANK1 ] PTR const unsigned char 
		 -> STR_11(4), STR_10(9), STR_9(8), STR_8(8), 
		 -> STR_7(10), STR_6(11), STR_5(8), STR_4(8), 
		 -> STR_3(17), STR_2(12), STR_1(10), UART_SendATCmd_ADR@buf(20), 
 Auto vars:     Size  Location     Type
  j               1    6[BANK1 ] unsigned char 
 Return value:  Size  Location     Type
                  1    wreg      void 
 Registers used:
		wreg, fsr0l, fsr0h, status,2, status,0, pclath, cstack
 Tracked objects:
		On entry : 
		On exit  : 
		Unchanged: 
 Data sizes:     COMMON   BANK0   BANK1   BANK2   BANK3   BANK4   BANK5   BANK6
      Params:         0       0       2       0       0       0       0       0
      Locals:         0       0       1       0       0       0       0       0
      Temps:          0       0       3       0       0       0       0       0
      Totals:         0       0       6       0       0       0       0       0
Total ram usage:        6 bytes
 Hardware stack levels used:    1
 Hardware stack levels required when called:    6
 This function calls:
		_UART_SendByte
 This function is called by:
		_UART_SendATCmd_ADR
		_Radio_Init
 This function uses a non-reentrant model


 *************** function _UART_SendConnect *****************
 Defined at:
		line 193 in file "Drivers\uart.c"
 Parameters:    Size  Location     Type
		None
 Auto vars:     Size  Location     Type
  data            2   11[BANK1 ] unsigned char [2]
 Return value:  Size  Location     Type
                  1    wreg      void 
 Registers used:
		wreg, fsr1l, fsr1h, status,2, status,0, pclath, cstack
 Tracked objects:
		On entry : 
		On exit  : 
		Unchanged: 
 Data sizes:     COMMON   BANK0   BANK1   BANK2   BANK3   BANK4   BANK5   BANK6
      Params:         0       0       0       0       0       0       0       0
      Locals:         0       0       2       0       0       0       0       0
      Temps:          0       0       0       0       0       0       0       0
      Totals:         0       0       2       0       0       0       0       0
Total ram usage:        2 bytes
 Hardware stack levels used:    1
 Hardware stack levels required when called:    8
 This function calls:
		_UART_SendFrame
		_led_fast_flashing
 This function is called by:
		_Do_PairDone
 This function uses a non-reentrant model


 *************** function _Motor_Open *****************
 Defined at:
		line 24 in file "Modules\motor.c"
 Parameters:    Size  Location     Type
		None
 Auto vars:     Size  Location     Type
		None
 Return value:  Size  Location     Type
                  1    wreg      void 
 Registers used:
		status,2, status,0, pclath, cstack
 Tracked objects:
		On entry : 
		On exit  : 
		Unchanged: 
 Data sizes:     COMMON   BANK0   BANK1   BANK2   BANK3   BANK4   BANK5   BANK6
      Params:         0       0       0       0       0       0       0       0
      Locals:         0       0       0       0       0       0       0       0
      Temps:          0       0       0       0       0       0       0       0
      Totals:         0       0       0       0       0       0       0       0
Total ram usage:        0 bytes
 Hardware stack levels used:    1
 Hardware stack levels required when called:    6
 This function calls:
		_Motor_Stop
 This function is called by:
		_Do_MotorOpen
 This function uses a non-reentrant model


 *************** function _led_fast_flashing *****************
 Defined at:
		line 3 in file "Modules\led.c"
 Parameters:    Size  Location     Type
		None
 Auto vars:     Size  Location     Type
  i               2    9[BANK1 ] int 
 Return value:  Size  Location     Type
                  1    wreg      void 
 Registers used:
		wreg, status,2, status,0, pclath, cstack
 Tracked objects:
		On entry : 
		On exit  : 
		Unchanged: 
 Data sizes:     COMMON   BANK0   BANK1   BANK2   BANK3   BANK4   BANK5   BANK6
      Params:         0       0       0       0       0       0       0       0
      Locals:         0       0       2       0       0       0       0       0
      Temps:          0       0       1       0       0       0       0       0
      Totals:         0       0       3       0       0       0       0       0
Total ram usage:        3 bytes
 Hardware stack levels used:    1
 Hardware stack levels required when called:    7
 This function calls:
		_DelayMs
 This function is called by:
		_Do_MotorDone
		_UART_SendConnect
 This function uses a non-reentrant model


 *************** function _UART_SendValveStatus *****************
 Defined at:
		line 208 in file "Drivers\uart.c"
 Parameters:    Size  Location     Type
  is_open         1    wreg     unsigned char 
 Auto vars:     Size  Location     Type
  is_open         1    6[BANK1 ] unsigned char 
  data            2    7[BANK1 ] unsigned char [2]
 Return value:  Size  Location     Type
                  1    wreg      void 
 Registers used:
		wreg, fsr1l, fsr1h, status,2, status,0, pclath, cstack
 Tracked objects:
		On entry : 
		On exit  : 
		Unchanged: 
 Data sizes:     COMMON   BANK0   BANK1   BANK2   BANK3   BANK4   BANK5   BANK6
      Params:         0       0       0       0       0       0       0       0
      Locals:         0       0       3       0       0       0       0       0
      Temps:          0       0       0       0       0       0       0       0
      Totals:         0       0       3       0       0       0       0       0
Total ram usage:        3 bytes
 Hardware stack levels used:    1
 Hardware stack levels required when called:    7
 This function calls:
		_UART_SendFrame
 This function is called by:
		_Do_MotorStop
		_Do_MotorDone
 This function uses a non-reentrant model


 *************** function _UART_SendFrame *****************
 Defined at:
		line 174 in file "Drivers\uart.c"
 Parameters:    Size  Location     Type
  func            1    wreg     unsigned char 
  data            1    1[BANK1 ] PTR const unsigned char 
		 -> UART_BatStatue@data(2), UART_SendValveStatus@data(2), UART_SendConnect@data(2), 
  len             1    2[BANK1 ] unsigned char 
 Auto vars:     Size  Location     Type
  func            1    4[BANK1 ] unsigned char 
  i               1    5[BANK1 ] unsigned char 
 Return value:  Size  Location     Type
                  1    wreg      void 
 Registers used:
		wreg, fsr1l, fsr1h, status,2, status,0, pclath, cstack
 Tracked objects:
		On entry : 
		On exit  : 
		Unchanged: 
 Data sizes:     COMMON   BANK0   BANK1   BANK2   BANK3   BANK4   BANK5   BANK6
      Params:         0       0       2       0       0       0       0       0
      Locals:         0       0       2       0       0       0       0       0
      Temps:          0       0       1       0       0       0       0       0
      Totals:         0       0       5       0       0       0       0       0
Total ram usage:        5 bytes
 Hardware stack levels used:    1
 Hardware stack levels required when called:    6
 This function calls:
		_UART_SendByte
 This function is called by:
		_UART_SendConnect
		_UART_SendValveStatus
		_UART_BatStatue
 This function uses a non-reentrant model


[...]
		None
 Return value:  Size  Location     Type
                  1    wreg      void 
 Registers used:
		wreg, fsr0l, fsr0h, fsr1l, fsr1h, status,2, status,0, pclath, cstack
 Tracked objects:
		On entry : 
		On exit  : 
		Unchanged: 
 Data sizes:     COMMON   BANK0   BANK1   BANK2   BANK3   BANK4   BANK5   BANK6
      Params:         0       0       0       0       0       0       0       0
      Locals:         0       0       0       0       0       0       0       0
      Temps:          0       0       0       0       0       0       0       0
      Totals:         0       0       0       0       0       0       0       0
Total ram usage:        0 bytes
 Hardware stack levels used:    1
 Hardware stack levels required when called:    4
 This function calls:
		_Timer_ISR
		_UART_ISR
 This function is called by:
		Interrupt level 1
 This function uses a non-reentrant model


 *************** function _UART_ISR *****************
 Defined at:
		line 53 in file "Drivers\uart.c"
 Parameters:    Size  Location     Type
		None
 Auto vars:     Size  Location     Type
  addr            2   32[BANK0 ] unsigned int 
  i               1   34[BANK0 ] unsigned char 
  b               1   35[BANK0 ] unsigned char 
 Return value:  Size  Location     Type
                  1    wreg      void 
 Registers used:
		wreg, fsr0l, fsr0h, fsr1l, fsr1h, status,2, status,0, pclath, cstack
 Tracked objects:
		On entry : 
		On exit  : 
		Unchanged: 
 Data sizes:     COMMON   BANK0   BANK1   BANK2   BANK3   BANK4   BANK5   BANK6
      Params:         0       0       0       0       0       0       0       0
      Locals:         0       6       0       0       0       0       0       0
      Temps:          0       2       0       0       0       0       0       0
      Totals:         0       8       0       0       0       0       0       0
Total ram usage:        8 bytes
 Hardware stack levels used:    1
 Hardware stack levels required when called:    3
 This function calls:
		_func_data_len
		i1_FSM_SendEvent
		i1_UART_SendATCmd_ADR
		i1___wmul
 This function is called by:
		_ISR
 This function uses a non-reentrant model


 *************** function i1___wmul *****************
 Defined at:
		line 15 in file "E:\FMDprogrammer\Compiler\data\sources\common\Umul16.c"
 Parameters:    Size  Location     Type
  multiplier      2    0[COMMON] unsigned int 
  multiplicand    2    2[COMMON] unsigned int 
 Auto vars:     Size  Location     Type
  __wmul          2    4[COMMON] unsigned int 
 Return value:  Size  Location     Type
                  2    0[COMMON] unsigned int 
 Registers used:
		wreg, status,2, status,0
 Tracked objects:
		On entry : 
		On exit  : 
		Unchanged: 
 Data sizes:     COMMON   BANK0   BANK1   BANK2   BANK3   BANK4   BANK5   BANK6
      Params:         4       0       0       0       0       0       0       0
      Locals:         2       0       0       0       0       0       0       0
      Temps:          0       0       0       0       0       0       0       0
      Totals:         6       0       0       0       0       0       0       0
Total ram usage:        6 bytes
 Hardware stack levels used:    1
 This function calls:
		Nothing
 This function is called by:
		_UART_ISR
 This function uses a non-reentrant model


 *************** function i1_UART_SendATCmd_ADR *****************
 Defined at:
		line 161 in file "Drivers\uart.c"
 Parameters:    Size  Location     Type
  addr            2   11[COMMON] unsigned int 
 Auto vars:     Size  Location     Type
  UART_SendATC   20    8[BANK0 ] unsigned char [20]
 Return value:  Size  Location     Type
                  1    wreg      void 
 Registers used:
		wreg, fsr0l, fsr0h, fsr1l, fsr1h, status,2, status,0, pclath, cstack
 Tracked objects:
		On entry : 
		On exit  : 
		Unchanged: 
 Data sizes:     COMMON   BANK0   BANK1   BANK2   BANK3   BANK4   BANK5   BANK6
      Params:         2       0       0       0       0       0       0       0
      Locals:         0      20       0       0       0       0       0       0
      Temps:          1       0       0       0       0       0       0       0
      Totals:         3      20       0       0       0       0       0       0
Total ram usage:       23 bytes
 Hardware stack levels used:    1
 Hardware stack levels required when called:    2
 This function calls:
		i1_DelayMs
		i1_UART_SendATCmd
		i1_uint_to_str
 This function is called by:
		_UART_ISR
 This function uses a non-reentrant model


 *************** function i1_uint_to_str *****************
 Defined at:
		line 121 in file "Drivers\uart.c"
 Parameters:    Size  Location     Type
  val             2    7[COMMON] unsigned int 
  buf             1    9[COMMON] PTR unsigned char 
		 -> UART_SendATCmd_ADR@buf(20), 
 Auto vars:     Size  Location     Type
  uint_to_str     6    0[BANK0 ] unsigned char [6]
  uint_to_str     1    7[BANK0 ] unsigned char 
  uint_to_str     1    6[BANK0 ] unsigned char 
 Return value:  Size  Location     Type
                  1    wreg      unsigned char 
 Registers used:
		wreg, fsr0l, fsr0h, fsr1l, fsr1h, status,2, status,0, pclath, cstack
 Tracked objects:
		On entry : 
		On exit  : 
		Unchanged: 
 Data sizes:     COMMON   BANK0   BANK1   BANK2   BANK3   BANK4   BANK5   BANK6
      Params:         3       0       0       0       0       0       0       0
      Locals:         0       8       0       0       0       0       0       0
      Temps:          1       0       0       0       0       0       0       0
      Totals:         4       8       0       0       0       0       0       0
Total ram usage:       12 bytes
 Hardware stack levels used:    1
 Hardware stack levels required when called:    1
 This function calls:
		i1___lwdiv
		i1___lwmod
 This function is called by:
		i1_UART_SendATCmd_ADR
 This function uses a non-reentrant model


 *************** function i1___lwmod *****************
 Defined at:
		line 6 in file "E:\FMDprogrammer\Compiler\data\sources\common\lwmod.c"
 Parameters:    Size  Location     Type
  divisor         2    0[COMMON] unsigned int 
  dividend        2    2[COMMON] unsigned int 
 Auto vars:     Size  Location     Type
  __lwmod         1    4[COMMON] unsigned char 
 Return value:  Size  Location     Type
                  2    0[COMMON] unsigned int 
 Registers used:
		wreg, status,2, status,0
 Tracked objects:
		On entry : 
		On exit  : 
		Unchanged: 
 Data sizes:     COMMON   BANK0   BANK1   BANK2   BANK3   BANK4   BANK5   BANK6
      Params:         4       0       0       0       0       0       0       0
      Locals:         1       0       0       0       0       0       0       0
      Temps:          0       0       0       0       0       0       0       0
      Totals:         5       0       0       0       0       0       0       0
Total ram usage:        5 bytes
 Hardware stack levels used:    1
 This function calls:
		Nothing
 This function is called by:
		i1_uint_to_str
 This function uses a non-reentrant model


 *************** function i1___lwdiv *****************
 Defined at:
		line 6 in file "E:\FMDprogrammer\Compiler\data\sources\common\lwdiv.c"
 Parameters:    Size  Location     Type
  divisor         2    0[COMMON] unsigned int 
  dividend        2    2[COMMON] unsigned int 
 Auto vars:     Size  Location     Type
  __lwdiv         2    4[COMMON] unsigned int 
  __lwdiv         1    6[COMMON] unsigned char 
 Return value:  Size  Location     Type
                  2    0[COMMON] unsigned int 
 Registers used:
		wreg, status,2, status,0
 Tracked objects:
		On entry : 
		On exit  : 
		Unchanged: 
 Data sizes:     COMMON   BANK0   BANK1   BANK2   BANK3   BANK4   BANK5   BANK6
      Params:         4       0       0       0       0       0       0       0
      Locals:         3       0       0       0       0       0       0       0
      Temps:          0       0       0       0       0       0       0       0
      Totals:         7       0       0       0       0       0       0       0
Total ram usage:        7 bytes
 Hardware stack levels used:    1
 This function calls:
		Nothing
 This function is called by:
		i1_uint_to_str
 This function uses a non-reentrant model


 *************** function i1_UART_SendATCmd *****************
 Defined at:
		line 146 in file "Drivers\uart.c"
 Parameters:    Size  Location     Type
  cmd             2    1[COMMON] PTR const unsigned char 
		 -> STR_11(4), STR_10(9), STR_9(8), STR_8(8), 
		 -> STR_7(10), STR_6(11), STR_5(8), STR_4(8), 
		 -> STR_3(17), STR_2(12), STR_1(10), UART_SendATCmd_ADR@buf(20), 
 Auto vars:     Size  Location     Type
  UART_SendATC    1    6[COMMON] unsigned char 
 Return value:  Size  Location     Type
                  1    wreg      void 
 Registers used:
		wreg, fsr0l, fsr0h, status,2, status,0, pclath, cstack
 Tracked objects:
		On entry : 
		On exit  : 
		Unchanged: 
 Data sizes:     COMMON   BANK0   BANK1   BANK2   BANK3   BANK4   BANK5   BANK6
      Params:         2       0       0       0       0       0       0       0
      Locals:         1       0       0       0       0       0       0       0
      Temps:          3       0       0       0       0       0       0       0
      Totals:         6       0       0       0       0       0       0       0
Total ram usage:        6 bytes
 Hardware stack levels used:    1
 Hardware stack levels required when called:    1
 This function calls:
		i1_UART_SendByte
 This function is called by:
		i1_UART_SendATCmd_ADR
 This function uses a non-reentrant model


 *************** function i1_UART_SendByte *****************
 Defined at:
		line 135 in file "Drivers\uart.c"
 Parameters:    Size  Location     Type
  data            1    wreg     unsigned char 
 Auto vars:     Size  Location     Type
  data            1    0[COMMON] unsigned char 
 Return value:  Size  Location     Type
                  1    wreg      void 
 Registers used:
		wreg
 Tracked objects:
		On entry : 
		On exit  : 
		Unchanged: 
 Data sizes:     COMMON   BANK0   BANK1   BANK2   BANK3   BANK4   BANK5   BANK6
      Params:         0       0       0       0       0       0       0       0
      Locals:         1       0       0       0       0       0       0       0
      Temps:          0       0       0       0       0       0       0       0
      Totals:         1       0       0       0       0       0       0       0
Total ram usage:        1 bytes
 Hardware stack levels used:    1
 This function calls:
		Nothing
 This function is called by:
		i1_UART_SendATCmd
 This function uses a non-reentrant model


 *************** function i1_DelayMs *****************
 Defined at:
		line 30 in file "Drivers\timer.c"
 Parameters:    Size  Location     Type
  Time            2    2[COMMON] unsigned int 
 Auto vars:     Size  Location     Type
  DelayMs         1    7[COMMON] unsigned char 
  DelayMs         1    6[COMMON] unsigned char 
 Return value:  Size  Location     Type
                  1    wreg      void 
 Registers used:
		wreg, status,2, status,0, pclath, cstack
 Tracked objects:
		On entry : 
		On exit  : 
		Unchanged: 
 Data sizes:     COMMON   BANK0   BANK1   BANK2   BANK3   BANK4   BANK5   BANK6
      Params:         2       0       0       0       0       0       0       0
      Locals:         2       0       0       0       0       0       0       0
      Temps:          2       0       0       0       0       0       0       0
      Totals:         6       0       0       0       0       0       0       0
Total ram usage:        6 bytes
 Hardware stack levels used:    1
 Hardware stack levels required when called:    1
 This function calls:
		i1_DelayUs
 This function is called by:
		i1_UART_SendATCmd_ADR
 This function uses a non-reentrant model


 *************** function i1_DelayUs *****************
 Defined at:
		line 16 in file "Drivers\timer.c"
 Parameters:    Size  Location     Type
  Time            1    wreg     unsigned char 
 Auto vars:     Size  Location     Type
  Time            1    0[COMMON] unsigned char 
  DelayUs         1    1[COMMON] unsigned char 
 Return value:  Size  Location     Type
                  1    wreg      void 
 Registers used:
		wreg, status,2, status,0
 Tracked objects:
		On entry : 
		On exit  : 
		Unchanged: 
 Data sizes:     COMMON   BANK0   BANK1   BANK2   BANK3   BANK4   BANK5   BANK6
      Params:         0       0       0       0       0       0       0       0
      Locals:         2       0       0       0       0       0       0       0
      Temps:          0       0       0       0       0       0       0       0
      Totals:         2       0       0       0       0       0       0       0
Total ram usage:        2 bytes
 Hardware stack levels used:    1
 This function calls:
		Nothing
 This function is called by:
		i1_DelayMs
 This function uses a non-reentrant model


 *************** function _func_data_len *****************
 Defined at:
		line 19 in file "Drivers\uart.c"
 Parameters:    Size  Location     Type
  func            1    wreg     unsigned char 
 Auto vars:     Size  Location     Type
  func            1    0[COMMON] unsigned char 
 Return value:  Size  Location     Type
                  1    wreg      unsigned char 
 Registers used:
		wreg, fsr0l, fsr0h, status,2, status,0
 Tracked objects:
		On entry : 
		On exit  : 
		Unchanged: 
 Data sizes:     COMMON   BANK0   BANK1   BANK2   BANK3   BANK4   BANK5   BANK6
      Params:         0       0       0       0       0       0       0       0
      Locals:         1       0       0       0       0       0       0       0
      Temps:          0       0       0       0       0       0       0       0
      Totals:         1       0       0       0       0       0       0       0
Total ram usage:        1 bytes
 Hardware stack levels used:    1
 This function calls:
		Nothing
 This function is called by:
		_UART_ISR
 This function uses a non-reentrant model


 *************** function _Timer_ISR *****************
 Defined at:
		line 67 in file "Drivers\timer.c"
 Parameters:    Size  Location     Type
		None
 Auto vars:     Size  Location     Type
		None
 Return value:  Size  Location     Type
                  1    wreg      void 
 Registers used:
		wreg, status,2, status,0, pclath, cstack
 Tracked objects:
		On entry : 
		On exit  : 
		Unchanged: 
 Data sizes:     COMMON   BANK0   BANK1   BANK2   BANK3   BANK4   BANK5   BANK6
      Params:         0       0       0       0       0       0       0       0
      Locals:         0       0       0       0       0       0       0       0
      Temps:          0       0       0       0       0       0       0       0
      Totals:         0       0       0       0       0       0       0       0
Total ram usage:        0 bytes
 Hardware stack levels used:    1
 Hardware stack levels required when called:    1
 This function calls:
		i1_FSM_SendEvent
 This function is called by:
		_ISR
 This function uses a non-reentrant model


 *************** function i1_FSM_SendEvent *****************
 Defined at:
		line 39 in file "App\app_fsm.c"
 Parameters:    Size  Location     Type
  evt             1    wreg     enum E7
 Auto vars:     Size  Location     Type
  evt             1    0[COMMON] enum E7
 Return value:  Size  Location     Type
                  1    wreg      void 
 Registers used:
		wreg
 Tracked objects:
		On entry : 
		On exit  : 
		Unchanged: 
 Data sizes:     COMMON   BANK0   BANK1   BANK2   BANK3   BANK4   BANK5   BANK6
      Params:         0       0       0       0       0       0       0       0
      Locals:         1       0       0       0       0       0       0       0
      Temps:          0       0       0       0       0       0       0       0
      Totals:         1       0       0       0       0       0       0       0
Total ram usage:        1 bytes
 Hardware stack levels used:    1
 This function calls:
		Nothing
 This function is called by:
		_Timer_ISR
		_UART_ISR
 This function uses a non-reentrant model



MODULE INFORMATION

Module		Function		Class		Link	Load	Size
E:\FMDprogrammer\Compiler\data\sources\common\Umul16.c
		___wmul        		CODE           	0239	0000	22

E:\FMDprogrammer\Compiler\data\sources\common\Umul16.c estimated size: 22

Modules\radio.c
		_Radio_Wake    		CODE           	0295	0000	6
		_Radio_Sleep   		CODE           	02A7	0000	3
		_Radio_Init    		CODE           	0116	0000	113

Modules\radio.c estimated size: 122

Modules\sleep_wake.c
		_Sys_EnterSleep		CODE           	0090	0000	32
		_IO_INT_INITIAL		CODE           	029A	0000	14

Modules\sleep_wake.c estimated size: 46

E:\FMDprogrammer\Compiler\data\sources\common\lwmod.c
		___lwmod       		CODE           	0326	0000	33

E:\FMDprogrammer\Compiler\data\sources\common\lwmod.c estimated size: 33

App\app_fsm.c
		_Do_MotorDone  		CODE           	034C	0000	8
		_Do_MotorOpen  		CODE           	0023	0000	6
		_Do_MotorStop  		CODE           	002C	0000	6
		_Do_GoSleep    		CODE           	0031	0000	6
		_Do_MotorClose 		CODE           	001B	0000	5
		_Do_PairDone   		CODE           	001A	0000	2
		_Do_PairStart  		CODE           	0036	0000	9
		_FSM_Process   		CODE           	01E3	0000	87
		_Do_PairTimeOut		CODE           	0019	0000	2
		_Do_WakeUp     		CODE           	008A	0000	7
		_FSM_SendEvent 		CODE           	02A9	0000	5

App\app_fsm.c estimated size: 143

E:\FMDprogrammer\Compiler\data\sources\common\lwdiv.c
		___lwdiv       		CODE           	0301	0000	38

E:\FMDprogrammer\Compiler\data\sources\common\lwdiv.c estimated size: 38

Drivers\uart.c
		_UART_SendValveStatus		CODE           	0357	0000	16
		_UART_BatStatue		CODE           	00CE	0000	15
		_UART_Init     		CODE           	0284	0000	18
		_uart_EnterMode		CODE           	0346	0000	7
		_func_data_len 		CODE           	0487	0000	18
		_UART_SendByte 		CODE           	01CE	0000	12
		_UART_SendConnect		CODE           	003E	0000	11
		_UART_ISR      		CODE           	0394	0000	148
		_UART_SendATCmd		CODE           	0186	0000	20
		_UART_SendFrame		CODE           	01B0	0000	31
		_UART_SendATCmd_ADR		CODE           	0048	0000	32
		_uint_to_str   		CODE           	02B1	0000	81

Drivers\uart.c estimated size: 409

shared
		PL12           		CODE           	0388	0000	7
		PL8            		CODE           	059E	0000	13
		i1_uint_to_str 		CODE           	04D4	0000	81
		PL14           		CODE           	05AA	0000	7
		_sys_fsm       		STRCODE        	05B0	0000	46
		PL16           		CODE           	038E	0000	7
		i1___lwdiv     		CODE           	0524	0000	38
		i1_UART_SendATCmd		CODE           	04B9	0000	20
		i1___wmul      		CODE           	0569	0000	22
		i1___lwmod     		CODE           	0549	0000	33
		i1_FSM_SendEvent		CODE           	0483	0000	5
		i1_DelayMs     		CODE           	057E	0000	24
		i1_DelayUs     		CODE           	0595	0000	10
		__initialization		CODE           	00AF	0000	29
		i1_UART_SendATCmd_ADR		CODE           	0498	0000	34
		i1_UART_SendByte		CODE           	04CC	0000	9
		PL2            		CODE           	0366	0000	9
		PL10           		CODE           	037F	0000	10
		PL4            		CODE           	036E	0000	6
		PL6            		CODE           	0373	0000	13

shared estimated size: 423

Modules\motor.c
		_Motor_Stop    		CODE           	0353	0000	5
		_Motor_Close   		CODE           	001F	0000	5
		_Motor_Open    		CODE           	0028	0000	5

Modules\motor.c estimated size: 15

Drivers\timer.c
		_Timer_ISR     		CODE           	0427	0000	93
		_DelayUs       		CODE           	01D9	0000	11
		_Timer_Init    		CODE           	0275	0000	16
		_Timer_Reset   		CODE           	02AD	0000	5
		_DelayMs       		CODE           	0199	0000	24

Drivers\timer.c estimated size: 149

Modules\led.c
		_led_fast_flashing		CODE           	0067	0000	36

Modules\led.c estimated size: 36

App\main.c
		_ISR           		CODE           	0004	0000	20
		_main          		CODE           	00DC	0000	26
		_POWER_INITIAL 		CODE           	024E	0000	40

App\main.c estimated size: 86

Modules\bat.c
		_Check_Battery_3_Stages		CODE           	00F5	0000	34

Modules\bat.c estimated size: 34

