GNU Tool Chain  

Linker command line:

--edf=E:\FMDprogrammer\Compiler\data\dat\en_msgs.txt -cs -h+cat1pro.sym \
  --cmf=cat1pro.cmf -z -QFT61F14X \
  -oC:\Users\17443\AppData\Local\Temp\s10dc.2 -Mcat1pro.map -E1 -ver=XC8 \
  -ASTACK=020F0h-021efh -pstack=STACK -ACODE=00h-07FFhx2 \
  -ASTRCODE=00h-0FFFh -ASTRING=00h-0FFhx16 -ACONST=00h-0FFhx16 \
  -AENTRY=00h-0FFhx16 -ACOMMON=070h-07Fh -ABANK0=020h-06Fh \
  -ABANK1=0A0h-0EFh -ABANK2=0120h-016Fh -ABANK3=01A0h-01EFh \
  -ABANK4=0220h-026Fh -ABANK5=02A0h-02EFh -ABANK6=0320h-032Fh \
  -ABIGRAM=02000h-021EFh \
  -ARAM=020h-06Fh,0A0h-0EFh,0120h-016Fh,01A0h-01EFh,0220h-026Fh,02A0h-02EFh,0320h-032Fh \
  -AABS1=020h-07Fh,0A0h-0EFh,0120h-016Fh,01A0h-01EFh,0220h-026Fh,02A0h-02EFh,0320h-032Fh \
  -ASFR0=00h-01Fh -ASFR1=080h-09Fh -ASFR2=0100h-011Fh -ASFR3=0180h-019Fh \
  -ASFR4=0200h-021Fh -ASFR5=0280h-029Fh -ASFR6=0300h-031Fh \
  -ASFR7=0380h-03EFh -ASFR8=0400h-046Fh -ASFR9=0480h-04EFh \
  -ASFR10=0500h-056Fh -ASFR11=0580h-05EFh -ASFR12=0600h-066Fh \
  -ASFR13=0680h-06EFh -ASFR14=0700h-076Fh -ASFR15=0780h-07EFh \
  -ASFR16=0800h-086Fh -ASFR17=0880h-08EFh -ASFR18=0900h-096Fh \
  -ASFR19=0980h-09EFh -ASFR20=0A00h-0A6Fh -ASFR21=0A80h-0AEFh \
  -ASFR22=0B00h-0B6Fh -ASFR23=0B80h-0BEFh -ASFR24=0C00h-0C6Fh \
  -ASFR25=0C80h-0CEFh -ASFR26=0D00h-0D6Fh -ASFR27=0D80h-0DEFh \
  -ASFR28=0E00h-0E6Fh -ASFR29=0E80h-0EEFh -ASFR30=0F00h-0F6Fh \
  -ASFR31=0F80h-0FEFh -preset_vec=00h,intentry=04h,init,end_init \
  -ppowerup=CODE -pcinit=CODE -pfunctab=ENTRY -ACONFIG=08007h-08008h \
  -pconfig=CONFIG -DCONFIG=2 -AIDLOC=08000h-08003h -pidloc=IDLOC -DIDLOC=2 \
  -AEEDATA=00h-07Fh/0F000h -peeprom_data=EEDATA -DEEDATA=2 -DCODE=2 \
  -DSTRCODE=2 -DSTRING=2 -DCONST=2 -DENTRY=2 -k \
  C:\Users\17443\AppData\Local\Temp\s10dc.obj cat1pro.obj 

Object code version is 3.11

Machine type is FT61F14X



                Name                               Link     Load   Length Selector   Space Scale
C:\Users\17443\AppData\Local\Temp\s10dc.obj
                end_init                             2A       2A        2        8       0
                reset_vec                             0        0        2        0       0
cat1pro.obj     intentry                              4        4       26        8       0
                text12                               2C       2C      3E0        8       0
                text11                              4F6      4F6       2C        8       0
                text10                              54B      54B       27        8       0
                text8                               522      522       29        8       0
                text2                               40C      40C       9A        8       0
                cstackBANK0                          20       20       4F       20       1
                cstackCOMMON                         70       70        A       70       1
                cstackBANK1                          E1       E1        2       A0       1
                clrtext                             605      605        6      BFE       0
                inittext                            5FF      5FF        6      BFE       0
                dataBANK2                           120      120       50      120       1
                dataBANK1                            CD       CD       14       A0       1
                bssBANK1                             A0       A0       2D       A0       1
                bssCOMMON                            7A       7A        2       70       1
                stringtext13                        60B      60B        4      C16       0
                stringtext12                        5F8      5F8        7      B3C       0
                stringtext11                        5E2      5E2        8      B3C       0
                stringtext10                        5DA      5DA        8      B3C       0
                stringtext9                         5D2      5D2        8      B3C       0
                stringtext8                         5C9      5C9        9      B3C       0
                stringtext7                         5BF      5BF        A      B3C       0
                stringtext6                         5B5      5B5        A      B3C       0
                stringtext5                         5AA      5AA        B      B3C       0
                stringtext4                         59E      59E        C      B3C       0
                stringtext3                         572      572       18      AE4       0
                stringtext2                         5F1      5F1        7      B3C       0
                stringtext1                         5EA      5EA        7      B3C       0
                idataBANK2                          4A6      4A6       50        8       0
                idataBANK1                          58A      58A       14      B14       0

TOTAL           Name                               Link     Load   Length     Space
        CLASS   STACK          

        CLASS   CODE           
                end_init                             2A       2A        2         0
                intentry                              4        4       26         0
                reset_vec                             0        0        2         0
                text12                               2C       2C      3E0         0
                text11                              4F6      4F6       2C         0
                text10                              54B      54B       27         0
                text8                               522      522       29         0
                text2                               40C      40C       9A         0
                clrtext                             605      605        6         0
                inittext                            5FF      5FF        6         0
                idataBANK2                          4A6      4A6       50         0
                idataBANK1                          58A      58A       14         0

        CLASS   STRCODE        
                stringtext13                        60B      60B        4         0
                stringtext12                        5F8      5F8        7         0
                stringtext11                        5E2      5E2        8         0
                stringtext10                        5DA      5DA        8         0
                stringtext9                         5D2      5D2        8         0
                stringtext8                         5C9      5C9        9         0
                stringtext7                         5BF      5BF        A         0
                stringtext6                         5B5      5B5        A         0
                stringtext5                         5AA      5AA        B         0
                stringtext4                         59E      59E        C         0
                stringtext3                         572      572       18         0
                stringtext2                         5F1      5F1        7         0
                stringtext1                         5EA      5EA        7         0

        CLASS   STRING         

        CLASS   CONST          

        CLASS   ENTRY          

        CLASS   COMMON         
                cstackCOMMON                         70       70        A         1
                bssCOMMON                            7A       7A        2         1

        CLASS   BANK0          
                cstackBANK0                          20       20       4F         1

        CLASS   BANK1          
                cstackBANK1                          E1       E1        2         1
                dataBANK1                            CD       CD       14         1
                bssBANK1                             A0       A0       2D         1

        CLASS   BANK2          
                dataBANK2                           120      120       50         1

        CLASS   BANK3          

        CLASS   BANK4          

        CLASS   BANK5          

        CLASS   BANK6          

        CLASS   BIGRAM         

        CLASS   RAM            

        CLASS   ABS1           
                abs_s1                               7E       7E        2         1

        CLASS   SFR0           

        CLASS   SFR1           

        CLASS   SFR2           

        CLASS   SFR3           

        CLASS   SFR4           

        CLASS   SFR5           

        CLASS   SFR6           

        CLASS   SFR7           

        CLASS   SFR8           

        CLASS   SFR9           

        CLASS   SFR10          

        CLASS   SFR11          

        CLASS   SFR12          

        CLASS   SFR13          

        CLASS   SFR14          

        CLASS   SFR15          

        CLASS   SFR16          

        CLASS   SFR17          

        CLASS   SFR18          

        CLASS   SFR19          

        CLASS   SFR20          

        CLASS   SFR21          

        CLASS   SFR22          

        CLASS   SFR23          

        CLASS   SFR24          

        CLASS   SFR25          

        CLASS   SFR26          

        CLASS   SFR27          

        CLASS   SFR28          

        CLASS   SFR29          

        CLASS   SFR30          

        CLASS   SFR31          

        CLASS   CONFIG         

        CLASS   IDLOC          

        CLASS   EEDATA         

        CLASS   BANK31         

        CLASS   BANK30         

        CLASS   BANK29         

        CLASS   BANK28         

        CLASS   BANK27         

        CLASS   BANK26         

        CLASS   BANK25         

        CLASS   BANK24         

        CLASS   BANK23         

        CLASS   BANK22         

        CLASS   BANK21         

        CLASS   BANK20         

        CLASS   BANK19         

        CLASS   BANK18         

        CLASS   BANK17         

        CLASS   BANK16         

        CLASS   BANK15         

        CLASS   BANK14         

        CLASS   BANK13         

        CLASS   BANK12         

        CLASS   BANK11         

        CLASS   BANK10         

        CLASS   BANK9          

        CLASS   BANK8          

        CLASS   BANK7          



SEGMENTS        Name                           Load    Length   Top    Selector   Space  Class     Delta

                reset_vec                      000000  000002  000002         0       0  CODE        2
                intentry                       000004  00056E  000572         8       0  CODE        2
                cstackBANK0                    000020  00004F  00006F        20       1  BANK0       1
                cstackCOMMON                   000070  00000C  00007C        70       1  COMMON      1
                bssBANK1                       0000A0  000043  0000E3        A0       1  BANK1       1
                dataBANK2                      000120  000050  000170       120       1  BANK2       1
                stringtext3                    000572  000018  00058A       AE4       0  STRCODE     2
                idataBANK1                     00058A  000014  00059E       B14       0  CODE        2
                stringtext4                    00059E  000061  0005FF       B3C       0  STRCODE     2
                inittext                       0005FF  00000C  00060B       BFE       0  CODE        2
                stringtext13                   00060B  000004  00060F       C16       0  STRCODE     2


UNUSED ADDRESS RANGES

        Name                Unused          Largest block    Delta
        BANK0            006F-006F              1           1
        BANK1            00E3-00EF              D           1
        BANK3            01A0-01EF             50           1
        BANK4            0220-026F             50           1
        BANK5            02A0-02EF             50           1
        BANK6            0320-032F             10           1
        BIGRAM           2000-21EF            1F0           1
        CODE             0002-0003              2           2
                         060F-0FFF            1F1
        COMMON           007C-007D              2           1
        CONFIG           8007-8008              2           2
        CONST            0002-0003              2           2
                         060F-0FFF            100
        EEDATA           F000-F07F             80           2
        ENTRY            0002-0003              2           2
                         060F-0FFF            100
        IDLOC            8000-8003              4           2
        RAM              006F-006F              1           1
                         00E3-00EF              D
                         01A0-01EF             50
                         0220-026F             50
                         02A0-02EF             50
                         0320-032F             10
        SFR0             0000-001F             20           1
        SFR1             0080-009F             20           1
        SFR10            0500-056F             70           1
        SFR11            0580-05EF             70           1
        SFR12            0600-066F             70           1
        SFR13            0680-06EF             70           1
        SFR14            0700-076F             70           1
        SFR15            0780-07EF             70           1
        SFR16            0800-086F             70           1
        SFR17            0880-08EF             70           1
        SFR18            0900-096F             70           1
        SFR19            0980-09EF             70           1
        SFR2             0100-011F             20           1
        SFR20            0A00-0A6F             70           1
        SFR21            0A80-0AEF             70           1
        SFR22            0B00-0B6F             70           1
        SFR23            0B80-0BEF             70           1
        SFR24            0C00-0C6F             70           1
        SFR25            0C80-0CEF             70           1
        SFR26            0D00-0D6F             70           1
        SFR27            0D80-0DEF             70           1
        SFR28            0E00-0E6F             70           1
        SFR29            0E80-0EEF             70           1
        SFR3             0180-019F             20           1
        SFR30            0F00-0F6F             70           1
        SFR31            0F80-0FEF             70           1
        SFR4             0200-021F             20           1
        SFR5             0280-029F             20           1
        SFR6             0300-031F             20           1
        SFR7             0380-03EF             70           1
        SFR8             0400-046F             70           1
        SFR9             0480-04EF             70           1
        STACK            20F0-21EF            100           1
        STRCODE          0002-0003              2           2
                         060F-0FFF            9F1
        STRING           0002-0003              2           2
                         060F-0FFF            100

                                  Symbol Table

?_Duima_EEPROM_ReadID                 cstackCOMMON 0074
?___lldiv                             cstackCOMMON 0072
?___llmod                             cstackCOMMON 0072
DelayMs@Time                          cstackCOMMON 0074
DelayMs@a                             cstackCOMMON 0075
DelayMs@b                             cstackCOMMON 0076
DelayUs@Time                          cstackCOMMON 0072
DelayUs@a                             cstackCOMMON 0073
Duima_Configure433Address@addr        cstackBANK0  0025
Duima_Configure433Address@cmd_buffer  cstackBANK0  0033
Duima_Configure433Address@digit_count cstackBANK0  0058
Duima_Configure433Address@digits      cstackBANK0  0029
Duima_Configure433Address@i           cstackBANK0  0053
Duima_Configure433Address@temp        cstackBANK0  0054
Duima_ControlMotor@cmd                cstackCOMMON 0072
Duima_EEPROM_ReadByte@addr            cstackCOMMON 0072
Duima_EEPROM_ReadByte@data            cstackCOMMON 0073
Duima_EEPROM_ReadID@addr              cstackBANK0  0028
Duima_EEPROM_ReadID@id                cstackBANK0  0029
Duima_EEPROM_WriteByte@PEIE_1         cstackCOMMON 0074
Duima_EEPROM_WriteByte@addr           cstackCOMMON 0072
Duima_EEPROM_WriteByte@data           cstackCOMMON 0073
Duima_EEPROM_WriteID@addr             cstackCOMMON 0077
Duima_EEPROM_WriteID@id               cstackCOMMON 0075
Duima_MainLoop@key_state              bssBANK1     00C6
Duima_MainLoop@press_start_time       bssBANK1     00C0
Duima_ProcessReceivedData@data        cstackBANK0  005D
Duima_ProcessReceivedData@k           cstackBANK0  005A
Duima_ProcessReceivedData@len         cstackBANK0  0059
Duima_ProcessReceivedData@new_id      cstackBANK0  005B
ISR@data                              cstackCOMMON 0070
ISR@next_head                         cstackCOMMON 0071
PL10                                  text12       0407
PL2                                   text12       03E3
PL4                                   text12       03EF
PL6                                   text12       03FB
PL8                                   text12       0403
SendATCommand@cmd                     cstackCOMMON 0073
SendATCommand@j                       cstackCOMMON 0078
SendByte@data                         cstackCOMMON 0072
UART_Task@CMD_FRAME_CLOSE             stringtext2  05F1
UART_Task@CMD_FRAME_OPEN              stringtext3  0572
UART_Task@CMD_FRAME_STOP              stringtext1  05EA
UART_Task@calculated_crc              cstackBANK0  0061
UART_Task@check_buf                   cstackBANK0  0065
UART_Task@i                           cstackBANK0  006E
UART_Task@match                       cstackBANK0  006D
UART_Task@min_len                     cstackBANK0  0062
_AFP1                                 (abs)        019F
_ANSELA                               (abs)        0197
_BSREG                                (abs)        0008
_CAT1_Init                            text12       01C4
_CFGS                                 (abs)        0CAE
_DelayMs                              text12       0234
_DelayUs                              text12       024D
_Duima_CheckLimitSwitch               text12       03AF
_Duima_Configure433Address            text12       0256
_Duima_ControlMotor                   text12       0144
_Duima_EEPROM_ReadByte                text12       0389
_Duima_EEPROM_ReadID                  text12       0353
_Duima_EEPROM_WriteByte               text2        0471
_Duima_EEPROM_WriteID                 text2        0467
_Duima_Init                           text12       0340
_Duima_MainLoop                       text11       04F6
_Duima_ProcessReceivedData            text2        040C
_Duima_StartPairing                   text12       002C
_Duima_Timer_Init                     text12       039E
_EEADRL                               (abs)        0191
_EECON1                               (abs)        0195
_EECON2                               (abs)        0196
_EEDATL                               (abs)        0193
_EEIF                                 (abs)        005A
_EEPGD                                (abs)        0CAF
_EPIE0                                (abs)        0094
_EPIF0                                (abs)        0014
_EPS0                                 (abs)        0118
_EPS1                                 (abs)        0119
_GIE                                  (abs)        005F
_INTCON                               (abs)        000B
_IO_INT_INITIAL                       text8        053E
_ISR                                  intentry     0004
_ITYPE0                               (abs)        011E
_ITYPE1                               (abs)        011F
_ODCON0                               (abs)        021F
_OSCCON                               (abs)        0099
_PCKEN                                (abs)        009A
_PEIE                                 (abs)        005E
_PORTA                                (abs)        000C
_PORTAbits                            (abs)        000C
_PORTB                                (abs)        000D
_PORTBbits                            (abs)        000D
_PORTC                                (abs)        000E
_PORTCbits                            (abs)        000E
_POWER_INITIAL                        text10       054B
_PSINK0                               (abs)        019A
_PSINK1                               (abs)        019B
_PSINK2                               (abs)        019C
_PSRC0                                (abs)        011A
_PSRC1                                (abs)        011B
_PSRC2                                (abs)        011C
_RD                                   (abs)        0CA8
_RXNEF                                (abs)        2490
_SendATCommand                        text12       0222
_SendByte                             text12       0245
_Sys_EnterSleep                       text8        0522
_T4UIE                                (abs)        0890
_T4UIF                                (abs)        0898
_TCF                                  (abs)        24E0
_TIM4ARR                              (abs)        0117
_TIM4CNTR                             (abs)        0115
_TIM4CR1                              (abs)        0111
_TIM4EGR                              (abs)        0114
_TIM4IER                              (abs)        0112
_TIM4PSCR                             (abs)        0116
_TIM4SR                               (abs)        0113
_TRISA                                (abs)        008C
_TRISB                                (abs)        008D
_TRISC                                (abs)        008E
_TXEF                                 (abs)        2495
_UART_INITIAL                         text12       03D2
_UART_Task                            text12       006A
_UART_Task$2801                       cstackBANK0  0063
_URDATAL                              (abs)        048C
_URDLH                                (abs)        0495
_URDLL                                (abs)        0494
_URIER                                (abs)        048E
_URLCR                                (abs)        048F
_URMCR                                (abs)        0491
_URRXNE                               (abs)        2470
_Unlock_Flash                         text2        049C
_WPDA                                 (abs)        020C
_WPDB                                 (abs)        020D
_WPDC                                 (abs)        020E
_WPUA                                 (abs)        018C
_WPUB                                 (abs)        018D
_WPUC                                 (abs)        018E
_WR                                   (abs)        0CA9
_WREN                                 (abs)        0CAA
__Habs1                               abs1         0000
__Hbank0                              bank0        0000
__Hbank1                              bank1        0000
__Hbank10                             bank10       0000
__Hbank11                             bank11       0000
__Hbank12                             bank12       0000
__Hbank13                             bank13       0000
__Hbank14                             bank14       0000
__Hbank15                             bank15       0000
__Hbank16                             bank16       0000
__Hbank17                             bank17       0000
__Hbank18                             bank18       0000
__Hbank19                             bank19       0000
__Hbank2                              bank2        0000
__Hbank20                             bank20       0000
__Hbank21                             bank21       0000
__Hbank22                             bank22       0000
__Hbank23                             bank23       0000
__Hbank24                             bank24       0000
__Hbank25                             bank25       0000
__Hbank26                             bank26       0000
__Hbank27                             bank27       0000
__Hbank28                             bank28       0000
__Hbank29                             bank29       0000
__Hbank3                              bank3        0000
__Hbank30                             bank30       0000
__Hbank31                             bank31       0000
__Hbank4                              bank4        0000
__Hbank5                              bank5        0000
__Hbank6                              bank6        0000
__Hbank7                              bank7        0000
__Hbank8                              bank8        0000
__Hbank9                              bank9        0000
__Hbigram                             bigram       0000
__HbssBANK1                           bssBANK1     0000
__HbssCOMMON                          bssCOMMON    0000
__Hcinit                              cinit        0000
__Hclrtext                            clrtext      0000
__Hcode                               code         0000
__Hcommon                             common       0000
__Hconfig                             config       0000
__HcstackBANK0                        cstackBANK0  0000
__HcstackBANK1                        cstackBANK1  0000
__HcstackCOMMON                       cstackCOMMON 0000
__HdataBANK1                          dataBANK1    0000
__HdataBANK2                          dataBANK2    0000
__Heeprom_data                        eeprom_data  0000
__Hend_init                           end_init     002C
__Hfunctab                            functab      0000
__HidataBANK1                         idataBANK1   0000
__HidataBANK2                         idataBANK2   0000
__Hidloc                              idloc        0000
__Hinit                               init         002A
__Hinittext                           inittext     0000
__Hintentry                           intentry     002A
__Hmaintext                           maintext     0000
__Hpa_nodes0                          pa_nodes0    0000
__Hpowerup                            powerup      0000
__Hram                                ram          0000
__Hreset_vec                          reset_vec    0002
__Hsfr0                               sfr0         0000
__Hsfr1                               sfr1         0000
__Hsfr10                              sfr10        0000
__Hsfr11                              sfr11        0000
__Hsfr12                              sfr12        0000
__Hsfr13                              sfr13        0000
__Hsfr14                              sfr14        0000
__Hsfr15                              sfr15        0000
__Hsfr16                              sfr16        0000
__Hsfr17                              sfr17        0000
__Hsfr18                              sfr18        0000
__Hsfr19                              sfr19        0000
__Hsfr2                               sfr2         0000
__Hsfr20                              sfr20        0000
__Hsfr21                              sfr21        0000
__Hsfr22                              sfr22        0000
__Hsfr23                              sfr23        0000
__Hsfr24                              sfr24        0000
__Hsfr25                              sfr25        0000
__Hsfr26                              sfr26        0000
__Hsfr27                              sfr27        0000
__Hsfr28                              sfr28        0000
__Hsfr29                              sfr29        0000
__Hsfr3                               sfr3         0000
__Hsfr30                              sfr30        0000
__Hsfr31                              sfr31        0000
__Hsfr4                               sfr4         0000
__Hsfr5                               sfr5         0000
__Hsfr6                               sfr6         0000
__Hsfr7                               sfr7         0000
__Hsfr8                               sfr8         0000
__Hsfr9                               sfr9         0000
__Hspace_0                            (abs)        060F
__Hspace_1                            (abs)        0170
__Hspace_2                            (abs)        0000
__Hspace_3                            (abs)        0000
__Hstack                              stack        0000
__Hstrings                            strings      0000
__Hstringtext1                        stringtext1  0000
__Hstringtext10                       stringtext10 0000
__Hstringtext11                       stringtext11 0000
__Hstringtext12                       stringtext12 0000
__Hstringtext13                       stringtext13 0000
__Hstringtext14                       stringtext14 0000
__Hstringtext2                        stringtext2  0000
__Hstringtext3                        stringtext3  0000
__Hstringtext4                        stringtext4  0000
__Hstringtext5                        stringtext5  0000
__Hstringtext6                        stringtext6  0000
__Hstringtext7                        stringtext7  0000
__Hstringtext8                        stringtext8  0000
__Hstringtext9                        stringtext9  0000
__Htext                               text         0000
__Labs1                               abs1         0000
__Lbank0                              bank0        0000
__Lbank1                              bank1        0000
__Lbank10                             bank10       0000
__Lbank11                             bank11       0000
__Lbank12                             bank12       0000
__Lbank13                             bank13       0000
__Lbank14                             bank14       0000
__Lbank15                             bank15       0000
__Lbank16                             bank16       0000
__Lbank17                             bank17       0000
__Lbank18                             bank18       0000
__Lbank19                             bank19       0000
__Lbank2                              bank2        0000
__Lbank20                             bank20       0000
__Lbank21                             bank21       0000
__Lbank22                             bank22       0000
__Lbank23                             bank23       0000
__Lbank24                             bank24       0000
__Lbank25                             bank25       0000
__Lbank26                             bank26       0000
__Lbank27                             bank27       0000
__Lbank28                             bank28       0000
__Lbank29                             bank29       0000
__Lbank3                              bank3        0000
__Lbank30                             bank30       0000
__Lbank31                             bank31       0000
__Lbank4                              bank4        0000
__Lbank5                              bank5        0000
__Lbank6                              bank6        0000
__Lbank7                              bank7        0000
__Lbank8                              bank8        0000
__Lbank9                              bank9        0000
__Lbigram                             bigram       0000
__LbssBANK1                           bssBANK1     0000
__LbssCOMMON                          bssCOMMON    0000
__Lcinit                              cinit        0000
__Lclrtext                            clrtext      0000
__Lcode                               code         0000
__Lcommon                             common       0000
__Lconfig                             config       0000
__LcstackBANK0                        cstackBANK0  0000
__LcstackBANK1                        cstackBANK1  0000
__LcstackCOMMON                       cstackCOMMON 0000
__LdataBANK1                          dataBANK1    0000
__LdataBANK2                          dataBANK2    0000
__Leeprom_data                        eeprom_data  0000
__Lend_init                           end_init     002A
__Lfunctab                            functab      0000
__LidataBANK1                         idataBANK1   0000
__LidataBANK2                         idataBANK2   0000
__Lidloc                              idloc        0000
__Linit                               init         002A
__Linittext                           inittext     0000
__Lintentry                           intentry     0004
__Lmaintext                           maintext     0000
__Lpa_nodes0                          pa_nodes0    0000
__Lpowerup                            powerup      0000
__Lram                                ram          0000
__Lreset_vec                          reset_vec    0000
__Lsfr0                               sfr0         0000
__Lsfr1                               sfr1         0000
__Lsfr10                              sfr10        0000
__Lsfr11                              sfr11        0000
__Lsfr12                              sfr12        0000
__Lsfr13                              sfr13        0000
__Lsfr14                              sfr14        0000
__Lsfr15                              sfr15        0000
__Lsfr16                              sfr16        0000
__Lsfr17                              sfr17        0000
__Lsfr18                              sfr18        0000
__Lsfr19                              sfr19        0000
__Lsfr2                               sfr2         0000
__Lsfr20                              sfr20        0000
__Lsfr21                              sfr21        0000
__Lsfr22                              sfr22        0000
__Lsfr23                              sfr23        0000
__Lsfr24                              sfr24        0000
__Lsfr25                              sfr25        0000
__Lsfr26                              sfr26        0000
__Lsfr27                              sfr27        0000
__Lsfr28                              sfr28        0000
__Lsfr29                              sfr29        0000
__Lsfr3                               sfr3         0000
__Lsfr30                              sfr30        0000
__Lsfr31                              sfr31        0000
__Lsfr4                               sfr4         0000
__Lsfr5                               sfr5         0000
__Lsfr6                               sfr6         0000
__Lsfr7                               sfr7         0000
__Lsfr8                               sfr8         0000
__Lsfr9                               sfr9         0000
__Lspace_0                            (abs)        0000
__Lspace_1                            (abs)        0000
__Lspace_2                            (abs)        0000
__Lspace_3                            (abs)        0000
__Lstack                              stack        0000
__Lstrings                            strings      0000
__Lstringtext1                        stringtext1  0000
__Lstringtext10                       stringtext10 0000
__Lstringtext11                       stringtext11 0000
__Lstringtext12                       stringtext12 0000
__Lstringtext13                       stringtext13 0000
__Lstringtext14                       stringtext14 0000
__Lstringtext2                        stringtext2  0000
__Lstringtext3                        stringtext3  0000
__Lstringtext4                        stringtext4  0000
__Lstringtext5                        stringtext5  0000
__Lstringtext6                        stringtext6  0000
__Lstringtext7                        stringtext7  0000
__Lstringtext8                        stringtext8  0000
__Lstringtext9                        stringtext9  0000
__Ltext                               text         0000
__S0                                  (abs)        060F
__S1                                  (abs)        0170
__S2                                  (abs)        0000
__S3                                  (abs)        0000
___int_sp                             stack        0000
___latbits                            (abs)        0001
___lldiv                              text12       02CB
___lldiv@counter                      cstackBANK0  0024
___lldiv@dividend                     cstackCOMMON 0076
___lldiv@divisor                      cstackCOMMON 0072
___lldiv@quotient                     cstackBANK0  0020
___llmod                              text12       030A
___llmod@counter                      cstackBANK0  0020
___llmod@dividend                     cstackCOMMON 0076
___llmod@divisor                      cstackCOMMON 0072
___sp                                 stack        0000
__end_ofPL10                          text12       040C
__end_ofPL2                           text12       03EF
__end_ofPL4                           text12       03FB
__end_ofPL6                           text12       0403
__end_ofPL8                           text12       0407
__end_ofUART_Task@CMD_FRAME_CLOSE     stringtext2  05F8
__end_ofUART_Task@CMD_FRAME_OPEN      stringtext3  0579
__end_ofUART_Task@CMD_FRAME_STOP      stringtext1  05F1
__end_of_CAT1_Init                    text12       0222
__end_of_DelayMs                      text12       0245
__end_of_DelayUs                      text12       0256
__end_of_Duima_CheckLimitSwitch       text12       03D2
__end_of_Duima_Configure433Address    text12       02CB
__end_of_Duima_ControlMotor           text12       015E
__end_of_Duima_EEPROM_ReadByte        text12       039E
__end_of_Duima_EEPROM_ReadID          text12       0389
__end_of_Duima_EEPROM_WriteByte       text2        049C
__end_of_Duima_EEPROM_WriteID         text2        0471
__end_of_Duima_Init                   text12       0353
__end_of_Duima_MainLoop               text11       0522
__end_of_Duima_ProcessReceivedData    text2        0467
__end_of_Duima_StartPairing           text12       0045
__end_of_Duima_Timer_Init             text12       03AF
__end_of_IO_INT_INITIAL               text8        054B
__end_of_ISR                          intentry     002A
__end_of_POWER_INITIAL                text10       0572
__end_of_SendATCommand                text12       0234
__end_of_SendByte                     text12       024D
__end_of_Sys_EnterSleep               text8        053E
__end_of_UART_INITIAL                 text12       03E3
__end_of_UART_Task                    text12       0144
__end_of_Unlock_Flash                 text2        04A6
__end_of___lldiv                      text12       030A
__end_of___llmod                      text12       0340
__end_of__initialization              text12       0067
__end_of_main                         text12       01C4
__initialization                      text12       0045
__pbssBANK1                           bssBANK1     00A0
__pbssCOMMON                          bssCOMMON    007A
__pcstackBANK0                        cstackBANK0  0020
__pcstackBANK1                        cstackBANK1  00E1
__pcstackCOMMON                       cstackCOMMON 0070
__pdataBANK1                          dataBANK1    00CD
__pdataBANK2                          dataBANK2    0120
__pidataBANK1                         idataBANK1   058A
__pidataBANK2                         idataBANK2   04A6
__pintentry                           intentry     0004
__pmaintext                           text12       015E
__pstringtext1                        stringtext1  05EA
__pstringtext10                       stringtext10 05DA
__pstringtext11                       stringtext11 05E2
__pstringtext12                       stringtext12 05F8
__pstringtext13                       stringtext13 060B
__pstringtext14                       stringtext14 0000
__pstringtext2                        stringtext2  05F1
__pstringtext3                        stringtext3  0572
__pstringtext4                        stringtext4  059E
__pstringtext5                        stringtext5  05AA
__pstringtext6                        stringtext6  05B5
__pstringtext7                        stringtext7  05BF
__pstringtext8                        stringtext8  05C9
__pstringtext9                        stringtext9  05D2
__ptext1                              text12       006A
__ptext10                             text10       054B
__ptext11                             text11       04F6
__ptext12                             text12       002C
__ptext13                             text12       03AF
__ptext14                             text12       01C4
__ptext15                             text12       0340
__ptext16                             text12       039E
__ptext17                             text12       0353
__ptext18                             text12       0389
__ptext19                             text12       0256
__ptext2                              text2        040C
__ptext20                             text12       030A
__ptext21                             text12       02CB
__ptext22                             text12       0222
__ptext23                             text12       0245
__ptext24                             text12       0234
__ptext25                             text12       024D
__ptext3                              text2        0467
__ptext4                              text2        0471
__ptext5                              text2        049C
__ptext6                              text12       0144
__ptext7                              text12       03D2
__ptext8                              text8        0522
__ptext9                              text8        053E
__size_of_CAT1_Init                   (abs)        0000
__size_of_DelayMs                     (abs)        0000
__size_of_DelayUs                     (abs)        0000
__size_of_Duima_CheckLimitSwitch      (abs)        0000
__size_of_Duima_Configure433Address   (abs)        0000
__size_of_Duima_ControlMotor          (abs)        0000
__size_of_Duima_EEPROM_ReadByte       (abs)        0000
__size_of_Duima_EEPROM_ReadID         (abs)        0000
__size_of_Duima_EEPROM_WriteByte      (abs)        0000
__size_of_Duima_EEPROM_WriteID        (abs)        0000
__size_of_Duima_Init                  (abs)        0000
__size_of_Duima_MainLoop              (abs)        0000
__size_of_Duima_ProcessReceivedData   (abs)        0000
__size_of_Duima_StartPairing          (abs)        0000
__size_of_Duima_Timer_Init            (abs)        0000
__size_of_IO_INT_INITIAL              (abs)        0000
__size_of_ISR                         (abs)        0000
__size_of_POWER_INITIAL               (abs)        0000
__size_of_SendATCommand               (abs)        0000
__size_of_SendByte                    (abs)        0000
__size_of_Sys_EnterSleep              (abs)        0000
__size_of_UART_INITIAL                (abs)        0000
__size_of_UART_Task                   (abs)        0000
__size_of_Unlock_Flash                (abs)        0000
__size_of___lldiv                     (abs)        0000
__size_of___llmod                     (abs)        0000
__size_of_main                        (abs)        0000
_current_mode                         bssCOMMON    007B
_g_cal_crc                            bssBANK1     00CB
_g_crc_match                          bssBANK1     00C9
_g_frame_count                        bssBANK1     00C7
_g_frame_len                          bssBANK1     00C8
_g_rx_crc                             bssBANK1     00CA
_g_timer_ms                           bssBANK1     00C2
_head                                 bssBANK1     00CC
_local_paired_id                      bssBANK1     00C4
_main                                 text12       015E
_receivedata                          dataBANK1    00CD
_ring_buf                             bssBANK1     00A0
_senddat                              dataBANK2    015C
_tail                                 bssCOMMON    007A
_toSend                               dataBANK2    0148
_toSendA                              dataBANK2    0134
_toSenda                              dataBANK2    0120
btemp                                 (abs)        007E
clear_ram0                            clrtext      0605
end_of_initialization                 text12       0067
init_ram                              inittext     05FF
int$flags                             (abs)        007E
intlevel0                             functab      0000
intlevel1                             functab      0000
intlevel2                             functab      0000
intlevel3                             functab      0000
intlevel4                             functab      0000
intlevel5                             functab      0000
main@k                                cstackBANK1  00E2
main@sys_state                        cstackBANK1  00E1
reset_vec                             reset_vec    0000
stackhi                               (abs)        21EF
stacklo                               (abs)        20F0
start                                 init         002A
start_initialization                  text12       0045
wtemp0                                (abs)        007E


FUNCTION INFORMATION:

 *************** function _main *****************
 Defined at:
		line 545 in file "CAT1PRO.C"
 Parameters:    Size  Location     Type
		None
 Auto vars:     Size  Location     Type
  k               1    1[BANK1 ] unsigned char 
  sys_state       1    0[BANK1 ] enum E2549
 Return value:  Size  Location     Type
                  1    wreg      void 
 Registers used:
		wreg, fsr0l, fsr0h, fsr1l, fsr1h, status,2, status,0, pclath, cstack
 Tracked objects:
		On entry : 
		On exit  : 
		Unchanged: 
 Data sizes:     COMMON   BANK0   BANK1   BANK2   BANK3   BANK4   BANK5   BANK6
      Params:         0       0       0       0       0       0       0       0
      Locals:         0       0       2       0       0       0       0       0
      Temps:          0       0       0       0       0       0       0       0
      Totals:         0       0       2       0       0       0       0       0
Total ram usage:        2 bytes
 Hardware stack levels required when called:    6
 This function calls:
		_CAT1_Init
		_DelayMs
		_Duima_CheckLimitSwitch
		_Duima_Configure433Address
		_Duima_MainLoop
		_POWER_INITIAL
		_Sys_EnterSleep
		_UART_INITIAL
		_UART_Task
 This function is called by:
		Startup code after reset
 This function uses a non-reentrant model


 *************** function _UART_Task *****************
 Defined at:
		line 328 in file "CAT1PRO.C"
 Parameters:    Size  Location     Type
		None
 Auto vars:     Size  Location     Type
  check_buf       8   69[BANK0 ] unsigned char [8]
  i               1   78[BANK0 ] unsigned char 
  match           1   77[BANK0 ] unsigned char 
  min_len         1   66[BANK0 ] unsigned char 
  calculated_c    1   65[BANK0 ] unsigned char 
 Return value:  Size  Location     Type
                  1    wreg      void 
 Registers used:
		wreg, fsr0l, fsr0h, fsr1l, fsr1h, status,2, status,0, pclath, cstack
 Tracked objects:
		On entry : 
		On exit  : 
		Unchanged: 
 Data sizes:     COMMON   BANK0   BANK1   BANK2   BANK3   BANK4   BANK5   BANK6
      Params:         0       0       0       0       0       0       0       0
      Locals:         0      14       0       0       0       0       0       0
      Temps:          0       3       0       0       0       0       0       0
      Totals:         0      17       0       0       0       0       0       0
Total ram usage:       17 bytes
 Hardware stack levels used:    1
 Hardware stack levels required when called:    5
 This function calls:
		_DelayMs
		_Duima_ControlMotor
		_Duima_ProcessReceivedData
 This function is called by:
		_main
 This function uses a non-reentrant model


 *************** function _Duima_ProcessReceivedData *****************
 Defined at:
		line 104 in file "duima.c"
 Parameters:    Size  Location     Type
  data            1    wreg     PTR unsigned char 
		 -> UART_Task@check_buf(8), 
  len             1   57[BANK0 ] unsigned char 
 Auto vars:     Size  Location     Type
  data            1   61[BANK0 ] PTR unsigned char 
		 -> UART_Task@check_buf(8), 
  k               1   58[BANK0 ] unsigned char 
  new_id          2   59[BANK0 ] unsigned int 
 Return value:  Size  Location     Type
                  1    wreg      void 
 Registers used:
		wreg, fsr0l, fsr0h, fsr1l, fsr1h, status,2, status,0, pclath, cstack
 Tracked objects:
		On entry : 
		On exit  : 
		Unchanged: 
 Data sizes:     COMMON   BANK0   BANK1   BANK2   BANK3   BANK4   BANK5   BANK6
      Params:         0       1       0       0       0       0       0       0
      Locals:         0       4       0       0       0       0       0       0
      Temps:          0       0       0       0       0       0       0       0
      Totals:         0       5       0       0       0       0       0       0
Total ram usage:        5 bytes
 Hardware stack levels used:    1
 Hardware stack levels required when called:    4
 This function calls:
		_DelayMs
		_Duima_Configure433Address
		_Duima_EEPROM_WriteID
 This function is called by:
		_UART_Task
 This function uses a non-reentrant model


 *************** function _Duima_EEPROM_WriteID *****************
 Defined at:
		line 330 in file "duima.c"
 Parameters:    Size  Location     Type
  id              2    5[COMMON] unsigned int 
  addr            1    7[COMMON] unsigned char 
 Auto vars:     Size  Location     Type
		None
 Return value:  Size  Location     Type
                  1    wreg      void 
 Registers used:
		wreg, status,2, status,0, pclath, cstack
 Tracked objects:
		On entry : 
		On exit  : 
		Unchanged: 
 Data sizes:     COMMON   BANK0   BANK1   BANK2   BANK3   BANK4   BANK5   BANK6
      Params:         3       0       0       0       0       0       0       0
      Locals:         0       0       0       0       0       0       0       0
      Temps:          0       0       0       0       0       0       0       0
      Totals:         3       0       0       0       0       0       0       0
Total ram usage:        3 bytes
 Hardware stack levels used:    1
 Hardware stack levels required when called:    3
 This function calls:
		_Duima_EEPROM_WriteByte
 This function is called by:
		_Duima_ProcessReceivedData
 This function uses a non-reentrant model


 *************** function _Duima_EEPROM_WriteByte *****************
 Defined at:
		line 283 in file "duima.c"
 Parameters:    Size  Location     Type
  data            1    wreg     unsigned char 
  addr            1    2[COMMON] unsigned char 
 Auto vars:     Size  Location     Type
  data            1    3[COMMON] unsigned char 
  PEIE_1          1    4[COMMON] unsigned char 
 Return value:  Size  Location     Type
                  1    wreg      void 
 Registers used:
		wreg, status,2, status,0, pclath, cstack
 Tracked objects:
		On entry : 
		On exit  : 
		Unchanged: 
 Data sizes:     COMMON   BANK0   BANK1   BANK2   BANK3   BANK4   BANK5   BANK6
      Params:         1       0       0       0       0       0       0       0
      Locals:         2       0       0       0       0       0       0       0
      Temps:          0       0       0       0       0       0       0       0
      Totals:         3       0       0       0       0       0       0       0
Total ram usage:        3 bytes
 Hardware stack levels used:    1
 Hardware stack levels required when called:    2
 This function calls:
		_Unlock_Flash
 This function is called by:
		_Duima_EEPROM_WriteID
 This function uses a non-reentrant model


 *************** function _Unlock_Flash *****************
 Defined at:
		line 264 in file "duima.c"
 Parameters:    Size  Location     Type
		None
 Auto vars:     Size  Location     Type
		None
 Return value:  Size  Location     Type
                  1    wreg      void 
 Registers used:
		None
 Tracked objects:
		On entry : 
		On exit  : 
		Unchanged: 
 Data sizes:     COMMON   BANK0   BANK1   BANK2   BANK3   BANK4   BANK5   BANK6
      Params:         0       0       0       0       0       0       0       0
      Locals:         0       0       0       0       0       0       0       0
      Temps:          0       0       0       0       0       0       0       0
      Totals:         0       0       0       0       0       0       0       0
Total ram usage:        0 bytes
 Hardware stack levels used:    1
 Hardware stack levels required when called:    1
 This function calls:
		Nothing
 This function is called by:
		_Duima_EEPROM_WriteByte
 This function uses a non-reentrant model


 *************** function _Duima_ControlMotor *****************
 Defined at:
		line 341 in file "duima.c"
 Parameters:    Size  Location     Type
  cmd             1    wreg     unsigned char 
 Auto vars:     Size  Location     Type
  cmd             1    2[COMMON] unsigned char 
 Return value:  Size  Location     Type
                  1    wreg      void 
 Registers used:
		wreg, fsr0l, fsr0h, status,2, status,0
 Tracked objects:
		On entry : 
		On exit  : 
		Unchanged: 
 Data sizes:     COMMON   BANK0   BANK1   BANK2   BANK3   BANK4   BANK5   BANK6
      Params:         0       0       0       0       0       0       0       0
      Locals:         1       0       0       0       0       0       0       0
      Temps:          0       0       0       0       0       0       0       0
      Totals:         1       0       0       0       0       0       0       0
Total ram usage:        1 bytes
 Hardware stack levels used:    1
 Hardware stack levels required when called:    1
 This function calls:
		Nothing
 This function is called by:
		_UART_Task
 This function uses a non-reentrant model


 *************** function _UART_INITIAL *****************
 Defined at:
		line 225 in file "CAT1PRO.C"
 Parameters:    Size  Location     Type
		None
 Auto vars:     Size  Location     Type
		None
 Return value:  Size  Location     Type
                  1    wreg      void 
 Registers used:
		wreg, status,2
 Tracked objects:
		On entry : 
		On exit  : 
		Unchanged: 
 Data sizes:     COMMON   BANK0   BANK1   BANK2   BANK3   BANK4   BANK5   BANK6
      Params:         0       0       0       0       0       0       0       0
      Locals:         0       0       0       0       0       0       0       0
      Temps:          0       0       0       0       0       0       0       0
      Totals:         0       0       0       0       0       0       0       0
Total ram usage:        0 bytes
 Hardware stack levels used:    1
 Hardware stack levels required when called:    1
 This function calls:
		Nothing
 This function is called by:
		_main
 This function uses a non-reentrant model


 *************** function _Sys_EnterSleep *****************
 Defined at:
		line 517 in file "CAT1PRO.C"
 Parameters:    Size  Location     Type
		None
 Auto vars:     Size  Location     Type
		None
 Return value:  Size  Location     Type
                  1    wreg      void 
 Registers used:
		wreg, status,2, status,0, pclath, cstack
 Tracked objects:
		On entry : 
		On exit  : 
		Unchanged: 
 Data sizes:     COMMON   BANK0   BANK1   BANK2   BANK3   BANK4   BANK5   BANK6
      Params:         0       0       0       0       0       0       0       0
      Locals:         0       0       0       0       0       0       0       0
      Temps:          0       0       0       0       0       0       0       0
      Totals:         0       0       0       0       0       0       0       0
Total ram usage:        0 bytes
 Hardware stack levels used:    1
 Hardware stack levels required when called:    3
 This function calls:
		_DelayMs
		_IO_INT_INITIAL
 This function is called by:
		_main
 This function uses a non-reentrant model


 *************** function _IO_INT_INITIAL *****************
 Defined at:
		line 172 in file "CAT1PRO.C"
 Parameters:    Size  Location     Type
		None
 Auto vars:     Size  Location     Type
		None
 Return value:  Size  Location     Type
                  1    wreg      void 
 Registers used:
		wreg, status,2
 Tracked objects:
		On entry : 
		On exit  : 
		Unchanged: 
 Data sizes:     COMMON   BANK0   BANK1   BANK2   BANK3   BANK4   BANK5   BANK6
      Params:         0       0       0       0       0       0       0       0
      Locals:         0       0       0       0       0       0       0       0
      Temps:          0       0       0       0       0       0       0       0
      Totals:         0       0       0       0       0       0       0       0
Total ram usage:        0 bytes
 Hardware stack levels used:    1
 Hardware stack levels required when called:    1
 This function calls:
		Nothing
 This function is called by:
		_Sys_EnterSleep
 This function uses a non-reentrant model


 *************** function _POWER_INITIAL *****************
 Defined at:
		line 129 in file "CAT1PRO.C"
 Parameters:    Size  Location     Type
		None
 Auto vars:     Size  Location     Type
		None
 Return value:  Size  Location     Type
                  1    wreg      void 
 Registers used:
		wreg, status,2
 Tracked objects:
		On entry : 
		On exit  : 
		Unchanged: 
 Data sizes:     COMMON   BANK0   BANK1   BANK2   BANK3   BANK4   BANK5   BANK6
      Params:         0       0       0       0       0       0       0       0
      Locals:         0       0       0       0       0       0       0       0
      Temps:          0       0       0       0       0       0       0       0
      Totals:         0       0       0       0       0       0       0       0
Total ram usage:        0 bytes
 Hardware stack levels used:    1
 Hardware stack levels required when called:    1
 This function calls:
		Nothing
 This function is called by:
		_main
 This function uses a non-reentrant model


 *************** function _Duima_MainLoop *****************
 Defined at:
		line 185 in file "duima.c"
 Parameters:    Size  Location     Type
		None
 Auto vars:     Size  Location     Type
		None
 Return value:  Size  Location     Type
                  1    wreg      void 
 Registers used:
		wreg, fsr0l, fsr0h, fsr1l, fsr1h, status,2, status,0, pclath, cstack
 Tracked objects:
		On entry : 
		On exit  : 
		Unchanged: 
 Data sizes:     COMMON   BANK0   BANK1   BANK2   BANK3   BANK4   BANK5   BANK6
      Params:         0       0       0       0       0       0       0       0
      Locals:         0       0       0       0       0       0       0       0
      Temps:          0       2       0       0       0       0       0       0
      Totals:         0       2       0       0       0       0       0       0
Total ram usage:        2 bytes
 Hardware stack levels used:    1
 Hardware stack levels required when called:    5
 This function calls:
		_Duima_StartPairing
 This function is called by:
		_main
 This function uses a non-reentrant model


 *************** function _Duima_StartPairing *****************
 Defined at:
		line 72 in file "duima.c"
 Parameters:    Size  Location     Type
		None
 Auto vars:     Size  Location     Type
		None
 Return value:  Size  Location     Type
                  1    wreg      void 
 Registers used:
		wreg, fsr0l, fsr0h, fsr1l, fsr1h, status,2, status,0, pclath, cstack
 Tracked objects:
		On entry : 
		On exit  : 
		Unchanged: 
 Data sizes:     COMMON   BANK0   BANK1   BANK2   BANK3   BANK4   BANK5   BANK6
      Params:         0       0       0       0       0       0       0       0
      Locals:         0       0       0       0       0       0       0       0
      Temps:          0       0       0       0       0       0       0       0
      Totals:         0       0       0       0       0       0       0       0
Total ram usage:        0 bytes
 Hardware stack levels used:    1
 Hardware stack levels required when called:    4
 This function calls:
		_DelayMs
		_Duima_Configure433Address
 This function is called by:
		_Duima_MainLoop
 This function uses a non-reentrant model


 *************** function _Duima_CheckLimitSwitch *****************
 Defined at:
		line 373 in file "duima.c"
 Parameters:    Size  Location     Type
		None
 Auto vars:     Size  Location     Type
		None
 Return value:  Size  Location     Type
                  1    wreg      void 
 Registers used:
		status,0
 Tracked objects:
		On entry : 
		On exit  : 
		Unchanged: 
 Data sizes:     COMMON   BANK0   BANK1   BANK2   BANK3   BANK4   BANK5   BANK6
      Params:         0       0       0       0       0       0       0       0
      Locals:         0       0       0       0       0       0       0       0
      Temps:          0       0       0       0       0       0       0       0
      Totals:         0       0       0       0       0       0       0       0
Total ram usage:        0 bytes
 Hardware stack levels used:    1
 Hardware stack levels required when called:    1
 This function calls:
		Nothing
 This function is called by:
		_main
 This function uses a non-reentrant model


 *************** function _CAT1_Init *****************
 Defined at:
		line 457 in file "CAT1PRO.C"
 Parameters:    Size  Location     Type
		None
 Auto vars:     Size  Location     Type
		None
 Return value:  Size  Location     Type
                  1    wreg      void 
 Registers used:
		wreg, fsr0l, fsr0h, fsr1l, fsr1h, status,2, status,0, pclath, cstack
 Tracked objects:
		On entry : 
		On exit  : 
		Unchanged: 
 Data sizes:     COMMON   BANK0   BANK1   BANK2   BANK3   BANK4   BANK5   BANK6
      Params:         0       0       0       0       0       0       0       0
      Locals:         0       0       0       0       0       0       0       0
      Temps:          0       0       0       0       0       0       0       0
      Totals:         0       0       0       0       0       0       0       0
Total ram usage:        0 bytes
 Hardware stack levels used:    1
 Hardware stack levels required when called:    5
 This function calls:
		_DelayMs
		_Duima_Init
		_SendATCommand
 This function is called by:
		_main
 This function uses a non-reentrant model


 *************** function _Duima_Init *****************
 Defined at:
		line 49 in file "duima.c"
 Parameters:    Size  Location     Type
		None
 Auto vars:     Size  Location     Type
		None
 Return value:  Size  Location     Type
                  1    wreg      void 
 Registers used:
		wreg, fsr0l, fsr0h, fsr1l, fsr1h, status,2, status,0, pclath, cstack
 Tracked objects:
		On entry : 
		On exit  : 
		Unchanged: 
 Data sizes:     COMMON   BANK0   BANK1   BANK2   BANK3   BANK4   BANK5   BANK6
      Params:         0       0       0       0       0       0       0       0
      Locals:         0       0       0       0       0       0       0       0
      Temps:          0       0       0       0       0       0       0       0
      Totals:         0       0       0       0       0       0       0       0
Total ram usage:        0 bytes
 Hardware stack levels used:    1
 Hardware stack levels required when called:    4
 This function calls:
		_DelayMs
		_Duima_Configure433Address
		_Duima_EEPROM_ReadID
		_Duima_Timer_Init
 This function is called by:
		_CAT1_Init
 This function uses a non-reentrant model


 *************** function _Duima_Timer_Init *****************
 Defined at:
		line 11 in file "duima.c"
 Parameters:    Size  Location     Type
		None
 Auto vars:     Size  Location     Type
		None
 Return value:  Size  Location     Type
                  1    wreg      void 
 Registers used:
		wreg, status,2
 Tracked objects:
		On entry : 
		On exit  : 
		Unchanged: 
 Data sizes:     COMMON   BANK0   BANK1   BANK2   BANK3   BANK4   BANK5   BANK6
      Params:         0       0       0       0       0       0       0       0
      Locals:         0       0       0       0       0       0       0       0
      Temps:          0       0       0       0       0       0       0       0
      Totals:         0       0       0       0       0       0       0       0
Total ram usage:        0 bytes
 Hardware stack levels used:    1
 Hardware stack levels required when called:    1
 This function calls:
		Nothing
 This function is called by:
		_Duima_Init
 This function uses a non-reentrant model


 *************** function _Duima_EEPROM_ReadID *****************
 Defined at:
		line 316 in file "duima.c"
 Parameters:    Size  Location     Type
  addr            1    wreg     unsigned char 
 Auto vars:     Size  Location     Type
  addr            1    8[BANK0 ] unsigned char 
  id              4    9[BANK0 ] unsigned long 
 Return value:  Size  Location     Type
                  2    4[COMMON] unsigned int 
 Registers used:
		wreg, status,2, status,0, pclath, cstack
 Tracked objects:
		On entry : 
		On exit  : 
		Unchanged: 
 Data sizes:     COMMON   BANK0   BANK1   BANK2   BANK3   BANK4   BANK5   BANK6
      Params:         2       0       0       0       0       0       0       0
      Locals:         0       5       0       0       0       0       0       0
      Temps:          0       8       0       0       0       0       0       0
      Totals:         2      13       0       0       0       0       0       0
Total ram usage:       15 bytes
 Hardware stack levels used:    1
 Hardware stack levels required when called:    2
 This function calls:
		_Duima_EEPROM_ReadByte
 This function is called by:
		_Duima_Init
 This function uses a non-reentrant model


 *************** function _Duima_EEPROM_ReadByte *****************
 Defined at:
		line 242 in file "duima.c"
 Parameters:    Size  Location     Type
  addr            1    wreg     unsigned char 
 Auto vars:     Size  Location     Type
  addr            1    2[COMMON] unsigned char 
  data            1    3[COMMON] unsigned char 
 Return value:  Size  Location     Type
                  1    wreg      unsigned char 
 Registers used:
		wreg
 Tracked objects:
		On entry : 
		On exit  : 
		Unchanged: 
 Data sizes:     COMMON   BANK0   BANK1   BANK2   BANK3   BANK4   BANK5   BANK6
      Params:         0       0       0       0       0       0       0       0
      Locals:         2       0       0       0       0       0       0       0
      Temps:          0       0       0       0       0       0       0       0
      Totals:         2       0       0       0       0       0       0       0
Total ram usage:        2 bytes
 Hardware stack levels used:    1
 Hardware stack levels required when called:    1
 This function calls:
		Nothing
 This function is called by:
		_Duima_EEPROM_ReadID
 This function uses a non-reentrant model


 *************** function _Duima_Configure433Address *****************
 Defined at:
		line 146 in file "duima.c"
 Parameters:    Size  Location     Type
  addr            2    5[BANK0 ] unsigned int 
 Auto vars:     Size  Location     Type
  cmd_buffer     32   19[BANK0 ] unsigned char [32]
  digits         10    9[BANK0 ] unsigned char [10]
  temp            4   52[BANK0 ] unsigned long 
  digit_count     1   56[BANK0 ] unsigned char 
  i               1   51[BANK0 ] unsigned char 
 Return value:  Size  Location     Type
                  1    wreg      void 
 Registers used:
		wreg, fsr0l, fsr0h, fsr1l, fsr1h, status,2, status,0, pclath, cstack
 Tracked objects:
		On entry : 
		On exit  : 
		Unchanged: 
 Data sizes:     COMMON   BANK0   BANK1   BANK2   BANK3   BANK4   BANK5   BANK6
      Params:         0       2       0       0       0       0       0       0
      Locals:         0      48       0       0       0       0       0       0
      Temps:          0       2       0       0       0       0       0       0
      Totals:         0      52       0       0       0       0       0       0
Total ram usage:       52 bytes
 Hardware stack levels used:    1
 Hardware stack levels required when called:    3
 This function calls:
		_DelayMs
		_SendATCommand
		___lldiv
		___llmod
 This function is called by:
		_main
		_Duima_Init
		_Duima_StartPairing
		_Duima_ProcessReceivedData
 This function uses a non-reentrant model


 *************** function ___llmod *****************
 Defined at:
		line 6 in file "E:\FMDprogrammer\Compiler\data\sources\common\llmod.c"
 Parameters:    Size  Location     Type
  divisor         4    2[COMMON] unsigned long 
  dividend        4    6[COMMON] unsigned long 
 Auto vars:     Size  Location     Type
  counter         1    0[BANK0 ] unsigned char 
 Return value:  Size  Location     Type
                  4    2[COMMON] unsigned long 
 Registers used:
		wreg, status,2, status,0
 Tracked objects:
		On entry : 
		On exit  : 
		Unchanged: 
 Data sizes:     COMMON   BANK0   BANK1   BANK2   BANK3   BANK4   BANK5   BANK6
      Params:         8       0       0       0       0       0       0       0
      Locals:         0       1       0       0       0       0       0       0
      Temps:          0       0       0       0       0       0       0       0
      Totals:         8       1       0       0       0       0       0       0
Total ram usage:        9 bytes
 Hardware stack levels used:    1
 Hardware stack levels required when called:    1
 This function calls:
		Nothing
 This function is called by:
		_Duima_Configure433Address
 This function uses a non-reentrant model


 *************** function ___lldiv *****************
 Defined at:
		line 6 in file "E:\FMDprogrammer\Compiler\data\sources\common\lldiv.c"
 Parameters:    Size  Location     Type
  divisor         4    2[COMMON] unsigned long 
  dividend        4    6[COMMON] unsigned long 
 Auto vars:     Size  Location     Type
  quotient        4    0[BANK0 ] unsigned long 
  counter         1    4[BANK0 ] unsigned char 
 Return value:  Size  Location     Type
                  4    2[COMMON] unsigned long 
 Registers used:
		wreg, status,2, status,0
 Tracked objects:
		On entry : 
		On exit  : 
		Unchanged: 
 Data sizes:     COMMON   BANK0   BANK1   BANK2   BANK3   BANK4   BANK5   BANK6
      Params:         8       0       0       0       0       0       0       0
      Locals:         0       5       0       0       0       0       0       0
      Temps:          0       0       0       0       0       0       0       0
      Totals:         8       5       0       0       0       0       0       0
Total ram usage:       13 bytes
 Hardware stack levels used:    1
 Hardware stack levels required when called:    1
 This function calls:
		Nothing
 This function is called by:
		_Duima_Configure433Address
 This function uses a non-reentrant model


 *************** function _SendATCommand *****************
 Defined at:
		line 277 in file "CAT1PRO.C"
 Parameters:    Size  Location     Type
  cmd             2    3[COMMON] PTR const unsigned char 
		 -> Duima_Configure433Address@cmd_buffer(32), STR_11(4), STR_10(8), STR_9(10), 
		 -> STR_8(11), STR_7(8), STR_6(8), STR_5(9), 
		 -> STR_4(17), STR_3(12), STR_2(10), 
 Auto vars:     Size  Location     Type
  j               1    8[COMMON] unsigned char 
 Return value:  Size  Location     Type
                  1    wreg      void 
 Registers used:
		wreg, fsr0l, fsr0h, status,2, status,0, pclath, cstack
 Tracked objects:
		On entry : 
		On exit  : 
		Unchanged: 
 Data sizes:     COMMON   BANK0   BANK1   BANK2   BANK3   BANK4   BANK5   BANK6
      Params:         2       0       0       0       0       0       0       0
      Locals:         1       0       0       0       0       0       0       0
      Temps:          3       0       0       0       0       0       0       0
      Totals:         6       0       0       0       0       0       0       0
Total ram usage:        6 bytes
 Hardware stack levels used:    1
 Hardware stack levels required when called:    2
 This function calls:
		_SendByte
 This function is called by:
		_CAT1_Init
		_Duima_Configure433Address
 This function uses a non-reentrant model


 *************** function _SendByte *****************
 Defined at:
		line 245 in file "CAT1PRO.C"
 Parameters:    Size  Location     Type
  data            1    wreg     unsigned char 
 Auto vars:     Size  Location     Type
  data            1    2[COMMON] unsigned char 
 Return value:  Size  Location     Type
                  1    wreg      void 
 Registers used:
		wreg
 Tracked objects:
		On entry : 
		On exit  : 
		Unchanged: 
 Data sizes:     COMMON   BANK0   BANK1   BANK2   BANK3   BANK4   BANK5   BANK6
      Params:         0       0       0       0       0       0       0       0
      Locals:         1       0       0       0       0       0       0       0
      Temps:          0       0       0       0       0       0       0       0
      Totals:         1       0       0       0       0       0       0       0
Total ram usage:        1 bytes
 Hardware stack levels used:    1
 Hardware stack levels required when called:    1
 This function calls:
		Nothing
 This function is called by:
		_SendATCommand
 This function uses a non-reentrant model


 *************** function _DelayMs *****************
 Defined at:
		line 208 in file "CAT1PRO.C"
 Parameters:    Size  Location     Type
  Time            1    wreg     unsigned char 
 Auto vars:     Size  Location     Type
  Time            1    4[COMMON] unsigned char 
  b               1    6[COMMON] unsigned char 
  a               1    5[COMMON] unsigned char 
 Return value:  Size  Location     Type
                  1    wreg      void 
 Registers used:
		wreg, status,2, status,0, pclath, cstack
 Tracked objects:
		On entry : 
		On exit  : 
		Unchanged: 
 Data sizes:     COMMON   BANK0   BANK1   BANK2   BANK3   BANK4   BANK5   BANK6
      Params:         0       0       0       0       0       0       0       0
      Locals:         3       0       0       0       0       0       0       0
      Temps:          0       0       0       0       0       0       0       0
      Totals:         3       0       0       0       0       0       0       0
Total ram usage:        3 bytes
 Hardware stack levels used:    1
 Hardware stack levels required when called:    2
 This function calls:
		_DelayUs
 This function is called by:
		_UART_Task
		_CAT1_Init
		_Sys_EnterSleep
		_main
		_Duima_Init
		_Duima_StartPairing
		_Duima_ProcessReceivedData
		_Duima_Configure433Address
 This function uses a non-reentrant model


 *************** function _DelayUs *****************
 Defined at:
		line 194 in file "CAT1PRO.C"
 Parameters:    Size  Location     Type
  Time            1    wreg     unsigned char 
 Auto vars:     Size  Location     Type
  Time            1    2[COMMON] unsigned char 
  a               1    3[COMMON] unsigned char 
 Return value:  Size  Location     Type
                  1    wreg      void 
 Registers used:
		wreg, status,2, status,0
 Tracked objects:
		On entry : 
		On exit  : 
		Unchanged: 
 Data sizes:     COMMON   BANK0   BANK1   BANK2   BANK3   BANK4   BANK5   BANK6
      Params:         0       0       0       0       0       0       0       0
      Locals:         2       0       0       0       0       0       0       0
      Temps:          0       0       0       0       0       0       0       0
      Totals:         2       0       0       0       0       0       0       0
Total ram usage:        2 bytes
 Hardware stack levels used:    1
 Hardware stack levels required when called:    1
 This function calls:
		Nothing
 This function is called by:
		_DelayMs
 This function uses a non-reentrant model


 *************** function _ISR *****************
 Defined at:
		line 93 in file "CAT1PRO.C"
 Parameters:    Size  Location     Type
		None
 Auto vars:     Size  Location     Type
  next_head       1    1[COMMON] unsigned char 
  data            1    0[COMMON] unsigned char 
 Return value:  Size  Location     Type
                  1    wreg      void 
 Registers used:
		wreg, fsr1l, fsr1h, status,2, status,0
 Tracked objects:
		On entry : 
		On exit  : 
		Unchanged: 
 Data sizes:     COMMON   BANK0   BANK1   BANK2   BANK3   BANK4   BANK5   BANK6
      Params:         0       0       0       0       0       0       0       0
      Locals:         2       0       0       0       0       0       0       0
      Temps:          0       0       0       0       0       0       0       0
      Totals:         2       0       0       0       0       0       0       0
Total ram usage:        2 bytes
 Hardware stack levels used:    1
 This function calls:
		Nothing
 This function is called by:
		Interrupt level 1
 This function uses a non-reentrant model



MODULE INFORMATION

Module		Function		Class		Link	Load	Size
E:\FMDprogrammer\Compiler\data\sources\common\llmod.c
		___llmod       		CODE           	030A	0000	55

E:\FMDprogrammer\Compiler\data\sources\common\llmod.c estimated size: 55

CAT1PRO.C
		_UART_Task     		CODE           	006A	0000	219
		_DelayUs       		CODE           	024D	0000	10
		_CAT1_Init     		CODE           	01C4	0000	95
		_ISR           		CODE           	0004	0000	39
		_SendByte      		CODE           	0245	0000	9
		_UART_INITIAL  		CODE           	03D2	0000	18
		_main          		CODE           	015E	0000	103
		_DelayMs       		CODE           	0234	0000	18
		_POWER_INITIAL 		CODE           	054B	0000	40
		_Sys_EnterSleep		CODE           	0522	0000	29
		_SendATCommand 		CODE           	0222	0000	19
		_IO_INT_INITIAL		CODE           	053E	0000	14

CAT1PRO.C estimated size: 613

E:\FMDprogrammer\Compiler\data\sources\common\lldiv.c
		___lldiv       		CODE           	02CB	0000	64

E:\FMDprogrammer\Compiler\data\sources\common\lldiv.c estimated size: 64

shared
		PL8            		CODE           	0403	0000	5
		UART_Task@CMD_FRAME_STOP		STRCODE        	05EA	0000	8
		UART_Task@CMD_FRAME_OPEN		STRCODE        	0572	0000	8
		UART_Task@CMD_FRAME_CLOSE		STRCODE        	05F1	0000	8
		__initialization		CODE           	0045	0000	35
		PL2            		CODE           	03E3	0000	13
		PL10           		CODE           	0407	0000	6
		PL4            		CODE           	03EF	0000	13
		PL6            		CODE           	03FB	0000	9

shared estimated size: 105

duima.c
		_Duima_EEPROM_ReadByte		CODE           	0389	0000	22
		_Duima_ProcessReceivedData		CODE           	040C	0000	92
		_Duima_StartPairing		CODE           	002C	0000	26
		_Duima_Configure433Address		CODE           	0256	0000	118
		_Duima_ControlMotor		CODE           	0144	0000	27
		_Duima_EEPROM_WriteByte		CODE           	0471	0000	44
		_Duima_Timer_Init		CODE           	039E	0000	18
		_Duima_EEPROM_WriteID		CODE           	0467	0000	11
		_Duima_CheckLimitSwitch		CODE           	03AF	0000	36
		_Duima_EEPROM_ReadID		CODE           	0353	0000	55
		_Unlock_Flash  		CODE           	049C	0000	11
		_Duima_Init    		CODE           	0340	0000	20
		_Duima_MainLoop		CODE           	04F6	0000	45

duima.c estimated size: 525

