GNU Tool Chain  

Linker command line:

--edf=E:\FMDprogrammer\Compiler\data\dat\en_msgs.txt -cs \
  -h+test_ft60e21x_pa_int.sym --cmf=test_ft60e21x_pa_int.cmf -z -QFT60F21X \
  -oC:\Users\17443\AppData\Local\Temp\su9s.2 -Mtest_ft60e21x_pa_int.map -E1 \
  -ver=XC8 -ASTACK=04Bh-06fh -pstack=STACK -ACODE=00h-03FFh \
  -ASTRCODE=00h-03FFh -ASTRING=00h-0FFhx4 -ACONST=00h-0FFhx4 \
  -AENTRY=00h-0FFhx4 -ACOMMON=070h-07Fh -ABANK0=040h-06Fh -ARAM=040h-06Fh \
  -AABS1=040h-07Fh -ASFR0=00h-03Fh -ASFR1=080h-0EFh \
  -preset_vec=00h,intentry=04h,init,end_init -ppowerup=CODE -pcinit=CODE \
  -pfunctab=ENTRY -ACONFIG=02007h-02007h -pconfig=CONFIG -DCONFIG=2 \
  -AIDLOC=02000h-02003h -pidloc=IDLOC -DIDLOC=2 -AEEDATA=00h-07Fh/02100h \
  -peeprom_data=EEDATA -DEEDATA=2 -DCODE=2 -DSTRCODE=2 -DSTRING=2 -DCONST=2 \
  -DENTRY=2 -k C:\Users\17443\AppData\Local\Temp\su9s.obj \
  test_ft60e21x_pa_int.obj 

Object code version is 3.11

Machine type is FT60F21X



                Name                               Link     Load   Length Selector   Space Scale
C:\Users\17443\AppData\Local\Temp\su9s.obj
                end_init                              A        A        1        8       0
                reset_vec                             0        0        1        0       0
test_ft60e21x_pa_int.obj
                cinit                                 B        B        8        8       0
                intentry                              4        4        6        8       0
                text17                               98       98       31        8       0
                text16                              11B      11B        B        8       0
                text15                              141      141        8        8       0
                text14                              139      139        8        8       0
                text13                               C9       C9       19        8       0
                text12                               F8       F8       16        8       0
                text11                               E2       E2       16        8       0
                text10                              10E      10E        D        8       0
                text9                               150      150        7        8       0
                text8                               126      126        A        8       0
                text7                               130      130        9        8       0
                text6                               167      167        5        8       0
                text5                               162      162        5        8       0
                text4                               15D      15D        5        8       0
                text3                               149      149        7        8       0
                text2                               157      157        6        8       0
                text1                                13       13       4D        8       0
                swtext1                               1        1        3        2       0
                maintext                             60       60       38        8       0
                cstackBANK0                          40       40        7       40       1
                cstackCOMMON                         70       70        B       70       1
                bssBANK0                             47       47        4       40       1
                bssCOMMON                            7B       7B        1       70       1

TOTAL           Name                               Link     Load   Length     Space
        CLASS   STACK          

        CLASS   CODE           
                end_init                              A        A        1         0
                cinit                                 B        B        8         0
                intentry                              4        4        6         0
                reset_vec                             0        0        1         0
                text17                               98       98       31         0
                text16                              11B      11B        B         0
                text15                              141      141        8         0
                text14                              139      139        8         0
                text13                               C9       C9       19         0
                text12                               F8       F8       16         0
                text11                               E2       E2       16         0
                text10                              10E      10E        D         0
                text9                               150      150        7         0
                text8                               126      126        A         0
                text7                               130      130        9         0
                text6                               167      167        5         0
                text5                               162      162        5         0
                text4                               15D      15D        5         0
                text3                               149      149        7         0
                text2                               157      157        6         0
                text1                                13       13       4D         0
                maintext                             60       60       38         0

        CLASS   STRCODE        

        CLASS   STRING         

        CLASS   CONST          
                swtext1                               1        1        3         0

        CLASS   ENTRY          

        CLASS   COMMON         
                cstackCOMMON                         70       70        B         1
                bssCOMMON                            7B       7B        1         1

        CLASS   BANK0          
                cstackBANK0                          40       40        7         1
                bssBANK0                             47       47        4         1

        CLASS   RAM            

        CLASS   ABS1           
                abs_s1                               7E       7E        2         1

        CLASS   SFR0           

        CLASS   SFR1           

        CLASS   CONFIG         

        CLASS   IDLOC          

        CLASS   EEDATA         

        CLASS   BANK1          



SEGMENTS        Name                           Load    Length   Top    Selector   Space  Class     Delta

                reset_vec                      000000  000001  000001         0       0  CODE        2
                swtext1                        000001  000003  000004         2       0  CONST       2
                intentry                       000004  000168  00016C         8       0  CODE        2
                cstackBANK0                    000040  00000B  00004B        40       1  BANK0       1
                cstackCOMMON                   000070  00000C  00007C        70       1  COMMON      1


UNUSED ADDRESS RANGES

        Name                Unused          Largest block    Delta
        BANK0            04B-06F            25           1
        CODE             16C-3FF           294           2
        COMMON           07C-07D             2           1
        CONFIG           2007-2007             1           2
        CONST            16C-3FF           100           2
        EEDATA           2100-217F            80           2
        ENTRY            16C-3FF           100           2
        IDLOC            2000-2003             4           2
        RAM              04B-06F            25           1
        SFR0             000-03F            40           1
        SFR1             080-0EF            70           1
        STACK            04B-06F            25           1
        STRCODE          16C-3FF           294           2
        STRING           16C-3FF           100           2

                                  Symbol Table

Delay10Us@i                cstackCOMMON 072
DelayMs@Time               cstackCOMMON 075
DelayMs@a                  cstackCOMMON 076
DelayMs@b                  cstackCOMMON 078
LED_Flickering1@i          cstackCOMMON 079
LED_Flickering3@i          cstackCOMMON 079
PL2                        maintext     090
_Delay10Us                 text14       139
_DelayMs                   text13       0C9
_Enter_Deep_Sleep          text15       141
_GIE                       (abs)        05F
_INTCON                    (abs)        00B
_IOCA2                     (abs)        4B2
_IOCA5                     (abs)        4B5
_ISR                       text17       098
_LED_Flickering1           text12       0F8
_LED_Flickering3           text11       0E2
_MSCON                     (abs)        01B
_OPTION                    (abs)        081
_OSCCON                    (abs)        08F
_PA3                       (abs)        02B
_PA4                       (abs)        02C
_PA5                       (abs)        02D
_PAIE                      (abs)        05B
_PAIF                      (abs)        058
_PORTA                     (abs)        005
_POWER_INITIAL             text10       10E
_System_Reinit             text9        150
_T0CON0                    (abs)        01F
_T0IE                      (abs)        05D
_T0ON                      (abs)        0FB
_TIMER0_INITIAL            text8        126
_TMR0                      (abs)        001
_TRISA                     (abs)        085
_TRISA2                    (abs)        42A
_TRISA5                    (abs)        42D
_WPUA                      (abs)        095
_Wakeup_INITIAL            text16       11B
__Habs1                    abs1         000
__Hbank0                   bank0        000
__Hbank1                   bank1        000
__HbssBANK0                bssBANK0     000
__HbssCOMMON               bssCOMMON    000
__Hcinit                   cinit        013
__Hclrtext                 clrtext      000
__Hcode                    code         000
__Hcommon                  common       000
__Hconfig                  config       000
__HcstackBANK0             cstackBANK0  000
__HcstackCOMMON            cstackCOMMON 000
__Heeprom_data             eeprom_data  000
__Hend_init                end_init     00B
__Hfunctab                 functab      000
__Hidloc                   idloc        000
__Hinit                    init         00A
__Hintentry                intentry     00A
__Hmaintext                maintext     000
__Hpa_nodes0               pa_nodes0    000
__Hpowerup                 powerup      000
__Hram                     ram          000
__Hreset_vec               reset_vec    001
__Hsfr0                    sfr0         000
__Hsfr1                    sfr1         000
__Hspace_0                 (abs)        16C
__Hspace_1                 (abs)        07C
__Hspace_2                 (abs)        000
__Hspace_3                 (abs)        000
__Hstack                   stack        000
__Hstrings                 strings      000
__Htext                    text         000
__Labs1                    abs1         000
__Lbank0                   bank0        000
__Lbank1                   bank1        000
__LbssBANK0                bssBANK0     000
__LbssCOMMON               bssCOMMON    000
__Lcinit                   cinit        00B
__Lclrtext                 clrtext      000
__Lcode                    code         000
__Lcommon                  common       000
__Lconfig                  config       000
__LcstackBANK0             cstackBANK0  000
__LcstackCOMMON            cstackCOMMON 000
__Leeprom_data             eeprom_data  000
__Lend_init                end_init     00A
__Lfunctab                 functab      000
__Lidloc                   idloc        000
__Linit                    init         00A
__Lintentry                intentry     004
__Lmaintext                maintext     000
__Lpa_nodes0               pa_nodes0    000
__Lpowerup                 powerup      000
__Lram                     ram          000
__Lreset_vec               reset_vec    000
__Lsfr0                    sfr0         000
__Lsfr1                    sfr1         000
__Lspace_0                 (abs)        000
__Lspace_1                 (abs)        000
__Lspace_2                 (abs)        000
__Lspace_3                 (abs)        000
__Lstack                   stack        000
__Lstrings                 strings      000
__Ltext                    text         000
__S0                       (abs)        16C
__S1                       (abs)        07C
__S2                       (abs)        000
__S3                       (abs)        000
___int_sp                  stack        000
___latbits                 (abs)        000
___sp                      stack        000
__end_ofPL2                maintext     098
__end_of_Delay10Us         text14       141
__end_of_DelayMs           text13       0E2
__end_of_Enter_Deep_Sleep  text15       149
__end_of_ISR               text17       0C9
__end_of_LED_Flickering1   text12       10E
__end_of_LED_Flickering3   text11       0F8
__end_of_POWER_INITIAL     text10       11B
__end_of_System_Reinit     text9        157
__end_of_TIMER0_INITIAL    text8        130
__end_of_Wakeup_INITIAL    text16       126
__end_of__initialization   cinit        011
__end_of_coding_1527       text1        060
__end_of_coding_H_1527     text5        167
__end_of_coding_L_1527     text4        162
__end_of_coding_syn_1527   text2        15D
__end_of_delay_124us       text3        150
__end_of_delay_12us        text7        139
__end_of_delay_4us         text6        16C
__end_of_main              maintext     090
__initialization           cinit        00B
__pbssBANK0                bssBANK0     047
__pbssCOMMON               bssCOMMON    07B
__pcstackBANK0             cstackBANK0  040
__pcstackCOMMON            cstackCOMMON 070
__pintentry                intentry     004
__pmaintext                maintext     060
__pswtext1                 swtext1      001
__ptext0                   text0        000
__ptext1                   text1        013
__ptext10                  text10       10E
__ptext11                  text11       0E2
__ptext12                  text12       0F8
__ptext13                  text13       0C9
__ptext14                  text14       139
__ptext15                  text15       141
__ptext16                  text16       11B
__ptext17                  text17       098
__ptext2                   text2        157
__ptext3                   text3        149
__ptext4                   text4        15D
__ptext5                   text5        162
__ptext6                   text6        167
__ptext7                   text7        130
__ptext8                   text8        126
__ptext9                   text9        150
__size_of_Delay10Us        (abs)        000
__size_of_DelayMs          (abs)        000
__size_of_Enter_Deep_Sleep (abs)        000
__size_of_ISR              (abs)        000
__size_of_LED_Flickering1  (abs)        000
__size_of_LED_Flickering3  (abs)        000
__size_of_POWER_INITIAL    (abs)        000
__size_of_System_Reinit    (abs)        000
__size_of_TIMER0_INITIAL   (abs)        000
__size_of_Wakeup_INITIAL   (abs)        000
__size_of_coding_1527      (abs)        000
__size_of_coding_H_1527    (abs)        000
__size_of_coding_L_1527    (abs)        000
__size_of_coding_syn_1527  (abs)        000
__size_of_delay_124us      (abs)        000
__size_of_delay_12us       (abs)        000
__size_of_delay_4us        (abs)        000
__size_of_main             (abs)        000
_coding_1527               text1        013
_coding_H_1527             text5        162
_coding_L_1527             text4        15D
_coding_syn_1527           text2        157
_delay_124us               text3        149
_delay_12us                text7        130
_delay_4us                 text6        167
_g_state                   bssCOMMON    07B
_g_timer_2s                bssBANK0     047
_g_timer_5s                bssBANK0     049
_main                      maintext     060
btemp                      (abs)        07E
coding_1527@Addr_1527      cstackCOMMON 073
coding_1527@Data           cstackCOMMON 077
coding_1527@i              cstackBANK0  045
coding_1527@j              cstackBANK0  040
coding_1527@k              cstackBANK0  044
delay_124us@i              cstackCOMMON 072
delay_12us@i               cstackCOMMON 072
end_of_initialization      cinit        011
interrupt_function         intentry     004
intlevel0                  functab      000
intlevel1                  functab      000
intlevel2                  functab      000
intlevel3                  functab      000
intlevel4                  functab      000
intlevel5                  functab      000
main@i                     cstackBANK0  046
reset_vec                  reset_vec    000
saved_w                    (abs)        07E
stackhi                    (abs)        000
stacklo                    (abs)        000
start                      init         00A
start_initialization       cinit        00B
wtemp0                     (abs)        07E


FUNCTION INFORMATION:

 *************** function _main *****************
 Defined at:
		line 302 in file "test_ft60e21x_PA_INT.C"
 Parameters:    Size  Location     Type
		None
 Auto vars:     Size  Location     Type
  i               1    6[BANK0 ] unsigned char 
 Return value:  Size  Location     Type
                  1    wreg      void 
 Registers used:
		wreg, fsr0l, fsr0h, status,2, status,0, btemp+1, pclath, cstack
 Tracked objects:
		On entry : 
		On exit  : 
		Unchanged: 
 Data sizes:     COMMON   BANK0
      Params:         0       0
      Locals:         0       1
      Temps:          0       0
      Totals:         0       1
Total ram usage:        1 bytes
 Hardware stack levels required when called:    4
 This function calls:
		_Enter_Deep_Sleep
		_LED_Flickering1
		_LED_Flickering3
		_POWER_INITIAL
		_System_Reinit
		_TIMER0_INITIAL
		_coding_1527
 This function is called by:
		Startup code after reset
 This function uses a non-reentrant model


 *************** function _coding_1527 *****************
 Defined at:
		line 228 in file "test_ft60e21x_PA_INT.C"
 Parameters:    Size  Location     Type
  Addr_1527       4    3[COMMON] unsigned long 
  Data            1    7[COMMON] unsigned char 
 Auto vars:     Size  Location     Type
  j               4    0[BANK0 ] unsigned long 
  i               1    5[BANK0 ] unsigned char 
  k               1    4[BANK0 ] unsigned char 
 Return value:  Size  Location     Type
                  1    wreg      void 
 Registers used:
		wreg, status,2, status,0, pclath, cstack
 Tracked objects:
		On entry : 
		On exit  : 
		Unchanged: 
 Data sizes:     COMMON   BANK0
      Params:         5       0
      Locals:         0       6
      Temps:          0       0
      Totals:         5       6
Total ram usage:       11 bytes
 Hardware stack levels used:    1
 Hardware stack levels required when called:    3
 This function calls:
		_coding_H_1527
		_coding_L_1527
		_coding_syn_1527
 This function is called by:
		_main
 This function uses a non-reentrant model


 *************** function _coding_syn_1527 *****************
 Defined at:
		line 202 in file "test_ft60e21x_PA_INT.C"
 Parameters:    Size  Location     Type
		None
 Auto vars:     Size  Location     Type
		None
 Return value:  Size  Location     Type
                  1    wreg      void 
 Registers used:
		wreg, status,2, status,0, pclath, cstack
 Tracked objects:
		On entry : 
		On exit  : 
		Unchanged: 
 Data sizes:     COMMON   BANK0
      Params:         0       0
      Locals:         0       0
      Temps:          0       0
      Totals:         0       0
Total ram usage:        0 bytes
 Hardware stack levels used:    1
 Hardware stack levels required when called:    2
 This function calls:
		_delay_124us
		_delay_4us
 This function is called by:
		_coding_1527
 This function uses a non-reentrant model


 *************** function _delay_124us *****************
 Defined at:
		line 141 in file "test_ft60e21x_PA_INT.C"
 Parameters:    Size  Location     Type
		None
 Auto vars:     Size  Location     Type
  i               1    2[COMMON] unsigned char 
 Return value:  Size  Location     Type
                  1    wreg      void 
 Registers used:
		wreg, status,2, status,0
 Tracked objects:
		On entry : 
		On exit  : 
		Unchanged: 
 Data sizes:     COMMON   BANK0
      Params:         0       0
      Locals:         1       0
      Temps:          0       0
      Totals:         1       0
Total ram usage:        1 bytes
 Hardware stack levels used:    1
 Hardware stack levels required when called:    1
 This function calls:
		Nothing
 This function is called by:
		_coding_syn_1527
 This function uses a non-reentrant model


 *************** function _coding_L_1527 *****************
 Defined at:
		line 210 in file "test_ft60e21x_PA_INT.C"
 Parameters:    Size  Location     Type
		None
 Auto vars:     Size  Location     Type
		None
 Return value:  Size  Location     Type
                  1    wreg      void 
 Registers used:
		wreg, status,2, status,0, pclath, cstack
 Tracked objects:
		On entry : 
		On exit  : 
		Unchanged: 
 Data sizes:     COMMON   BANK0
      Params:         0       0
      Locals:         0       0
      Temps:          0       0
      Totals:         0       0
Total ram usage:        0 bytes
 Hardware stack levels used:    1
 Hardware stack levels required when called:    2
 This function calls:
		_delay_12us
		_delay_4us
 This function is called by:
		_coding_1527
 This function uses a non-reentrant model


 *************** function _coding_H_1527 *****************
 Defined at:
		line 218 in file "test_ft60e21x_PA_INT.C"
 Parameters:    Size  Location     Type
		None
 Auto vars:     Size  Location     Type
		None
 Return value:  Size  Location     Type
                  1    wreg      void 
 Registers used:
		wreg, status,2, status,0, pclath, cstack
 Tracked objects:
		On entry : 
		On exit  : 
		Unchanged: 
 Data sizes:     COMMON   BANK0
      Params:         0       0
      Locals:         0       0
      Temps:          0       0
      Totals:         0       0
Total ram usage:        0 bytes
 Hardware stack levels used:    1
 Hardware stack levels required when called:    2
 This function calls:
		_delay_12us
		_delay_4us
 This function is called by:
		_coding_1527
 This function uses a non-reentrant model


 *************** function _delay_4us *****************
 Defined at:
		line 128 in file "test_ft60e21x_PA_INT.C"
 Parameters:    Size  Location     Type
		None
 Auto vars:     Size  Location     Type
		None
 Return value:  Size  Location     Type
                  1    wreg      void 
 Registers used:
		None
 Tracked objects:
		On entry : 
		On exit  : 
		Unchanged: 
 Data sizes:     COMMON   BANK0
      Params:         0       0
      Locals:         0       0
      Temps:          0       0
      Totals:         0       0
Total ram usage:        0 bytes
 Hardware stack levels used:    1
 Hardware stack levels required when called:    1
 This function calls:
		Nothing
 This function is called by:
		_coding_syn_1527
		_coding_L_1527
		_coding_H_1527
 This function uses a non-reentrant model


 *************** function _delay_12us *****************
 Defined at:
		line 134 in file "test_ft60e21x_PA_INT.C"
 Parameters:    Size  Location     Type
		None
 Auto vars:     Size  Location     Type
  i               1    2[COMMON] unsigned char 
 Return value:  Size  Location     Type
                  1    wreg      void 
 Registers used:
		wreg, status,2, status,0
 Tracked objects:
		On entry : 
		On exit  : 
		Unchanged: 
 Data sizes:     COMMON   BANK0
      Params:         0       0
      Locals:         1       0
      Temps:          0       0
      Totals:         1       0
Total ram usage:        1 bytes
 Hardware stack levels used:    1
 Hardware stack levels required when called:    1
 This function calls:
		Nothing
 This function is called by:
		_coding_L_1527
		_coding_H_1527
 This function uses a non-reentrant model


 *************** function _TIMER0_INITIAL *****************
 Defined at:
		line 97 in file "test_ft60e21x_PA_INT.C"
 Parameters:    Size  Location     Type
		None
 Auto vars:     Size  Location     Type
		None
 Return value:  Size  Location     Type
                  1    wreg      void 
 Registers used:
		wreg, status,2
 Tracked objects:
		On entry : 
		On exit  : 
		Unchanged: 
 Data sizes:     COMMON   BANK0
      Params:         0       0
      Locals:         0       0
      Temps:          0       0
      Totals:         0       0
Total ram usage:        0 bytes
 Hardware stack levels used:    1
 Hardware stack levels required when called:    1
 This function calls:
		Nothing
 This function is called by:
		_main
 This function uses a non-reentrant model


 *************** function _System_Reinit *****************
 Defined at:
		line 272 in file "test_ft60e21x_PA_INT.C"
 Parameters:    Size  Location     Type
		None
 Auto vars:     Size  Location     Type
		None
 Return value:  Size  Location     Type
                  1    wreg      void 
 Registers used:
		None
 Tracked objects:
		On entry : 
		On exit  : 
		Unchanged: 
 Data sizes:     COMMON   BANK0
      Params:         0       0
      Locals:         0       0
      Temps:          0       0
      Totals:         0       0
Total ram usage:        0 bytes
 Hardware stack levels used:    1
 Hardware stack levels required when called:    1
 This function calls:
		Nothing
 This function is called by:
		_main
 This function uses a non-reentrant model


 *************** function _POWER_INITIAL *****************
 Defined at:
		line 80 in file "test_ft60e21x_PA_INT.C"
 Parameters:    Size  Location     Type
		None
 Auto vars:     Size  Location     Type
		None
 Return value:  Size  Location     Type
                  1    wreg      void 
 Registers used:
		wreg, status,2
 Tracked objects:
		On entry : 
		On exit  : 
		Unchanged: 
 Data sizes:     COMMON   BANK0
      Params:         0       0
      Locals:         0       0
      Temps:          0       0
      Totals:         0       0
Total ram usage:        0 bytes
 Hardware stack levels used:    1
 Hardware stack levels required when called:    1
 This function calls:
		Nothing
 This function is called by:
		_main
 This function uses a non-reentrant model


 *************** function _LED_Flickering3 *****************
 Defined at:
		line 280 in file "test_ft60e21x_PA_INT.C"
 Parameters:    Size  Location     Type
		None
 Auto vars:     Size  Location     Type
  i               2    9[COMMON] int 
 Return value:  Size  Location     Type
                  1    wreg      void 
 Registers used:
		wreg, status,2, status,0, btemp+1, pclath, cstack
 Tracked objects:
		On entry : 
		On exit  : 
		Unchanged: 
 Data sizes:     COMMON   BANK0
      Params:         0       0
      Locals:         2       0
      Temps:          0       0
      Totals:         2       0
Total ram usage:        2 bytes
 Hardware stack levels used:    1
 Hardware stack levels required when called:    3
 This function calls:
		_DelayMs
 This function is called by:
		_main
 This function uses a non-reentrant model


 *************** function _LED_Flickering1 *****************
 Defined at:
		line 288 in file "test_ft60e21x_PA_INT.C"
 Parameters:    Size  Location     Type
		None
 Auto vars:     Size  Location     Type
  i               2    9[COMMON] int 
 Return value:  Size  Location     Type
                  1    wreg      void 
 Registers used:
		wreg, status,2, status,0, btemp+1, pclath, cstack
 Tracked objects:
		On entry : 
		On exit  : 
		Unchanged: 
 Data sizes:     COMMON   BANK0
      Params:         0       0
      Locals:         2       0
      Temps:          0       0
      Totals:         2       0
Total ram usage:        2 bytes
 Hardware stack levels used:    1
 Hardware stack levels required when called:    3
 This function calls:
		_DelayMs
 This function is called by:
		_main
 This function uses a non-reentrant model


 *************** function _DelayMs *****************
 Defined at:
		line 151 in file "test_ft60e21x_PA_INT.C"
 Parameters:    Size  Location     Type
  Time            1    wreg     unsigned char 
 Auto vars:     Size  Location     Type
  Time            1    5[COMMON] unsigned char 
  b               1    8[COMMON] unsigned char 
  a               2    6[COMMON] unsigned int 
 Return value:  Size  Location     Type
                  1    wreg      void 
 Registers used:
		wreg, status,2, status,0, pclath, cstack
 Tracked objects:
		On entry : 
		On exit  : 
		Unchanged: 
 Data sizes:     COMMON   BANK0
      Params:         0       0
      Locals:         4       0
      Temps:          2       0
      Totals:         6       0
Total ram usage:        6 bytes
 Hardware stack levels used:    1
 Hardware stack levels required when called:    2
 This function calls:
		_Delay10Us
 This function is called by:
		_LED_Flickering3
		_LED_Flickering1
 This function uses a non-reentrant model


 *************** function _Delay10Us *****************
 Defined at:
		line 117 in file "test_ft60e21x_PA_INT.C"
 Parameters:    Size  Location     Type
		None
 Auto vars:     Size  Location     Type
  i               1    2[COMMON] unsigned char 
 Return value:  Size  Location     Type
                  1    wreg      void 
 Registers used:
		wreg, status,2, status,0
 Tracked objects:
		On entry : 
		On exit  : 
		Unchanged: 
 Data sizes:     COMMON   BANK0
      Params:         0       0
      Locals:         1       0
      Temps:          0       0
      Totals:         1       0
Total ram usage:        1 bytes
 Hardware stack levels used:    1
 Hardware stack levels required when called:    1
 This function calls:
		Nothing
 This function is called by:
		_DelayMs
 This function uses a non-reentrant model


 *************** function _Enter_Deep_Sleep *****************
 Defined at:
		line 262 in file "test_ft60e21x_PA_INT.C"
 Parameters:    Size  Location     Type
		None
 Auto vars:     Size  Location     Type
		None
 Return value:  Size  Location     Type
                  1    wreg      void 
 Registers used:
		wreg, status,2, status,0, pclath, cstack
 Tracked objects:
		On entry : 
		On exit  : 
		Unchanged: 
 Data sizes:     COMMON   BANK0
      Params:         0       0
      Locals:         0       0
      Temps:          0       0
      Totals:         0       0
Total ram usage:        0 bytes
 Hardware stack levels used:    1
 Hardware stack levels required when called:    2
 This function calls:
		_Wakeup_INITIAL
 This function is called by:
		_main
 This function uses a non-reentrant model


 *************** function _Wakeup_INITIAL *****************
 Defined at:
		line 184 in file "test_ft60e21x_PA_INT.C"
 Parameters:    Size  Location     Type
		None
 Auto vars:     Size  Location     Type
		None
 Return value:  Size  Location     Type
                  1    wreg      void 
 Registers used:
		wreg
 Tracked objects:
		On entry : 
		On exit  : 
		Unchanged: 
 Data sizes:     COMMON   BANK0
      Params:         0       0
      Locals:         0       0
      Temps:          0       0
      Totals:         0       0
Total ram usage:        0 bytes
 Hardware stack levels used:    1
 Hardware stack levels required when called:    1
 This function calls:
		Nothing
 This function is called by:
		_Enter_Deep_Sleep
 This function uses a non-reentrant model


 *************** function _ISR *****************
 Defined at:
		line 46 in file "test_ft60e21x_PA_INT.C"
 Parameters:    Size  Location     Type
		None
 Auto vars:     Size  Location     Type
		None
 Return value:  Size  Location     Type
                  1    wreg      void 
 Registers used:
		wreg, status,2, status,0
 Tracked objects:
		On entry : 
		On exit  : 
		Unchanged: 
 Data sizes:     COMMON   BANK0
      Params:         0       0
      Locals:         0       0
      Temps:          2       0
      Totals:         2       0
Total ram usage:        2 bytes
 Hardware stack levels used:    1
 This function calls:
		Nothing
 This function is called by:
		Interrupt level 1
 This function uses a non-reentrant model



MODULE INFORMATION

Module		Function		Class		Link	Load	Size
test_ft60e21x_PA_INT.C
		_Enter_Deep_Sleep		CODE           	0141	0000	9
		_ISR           		CODE           	0098	0000	50
		_main          		CODE           	0060	0000	49
		_LED_Flickering1		CODE           	00F8	0000	23
		_LED_Flickering3		CODE           	00E2	0000	23
		_DelayMs       		CODE           	00C9	0000	26
		_POWER_INITIAL 		CODE           	010E	0000	14
		_delay_12us    		CODE           	0130	0000	10
		_delay_124us   		CODE           	0149	0000	8
		_delay_4us     		CODE           	0167	0000	6
		_coding_1527   		CODE           	0013	0000	78
		_Wakeup_INITIAL		CODE           	011B	0000	12
		_coding_H_1527 		CODE           	0162	0000	6
		_coding_L_1527 		CODE           	015D	0000	6
		_Delay10Us     		CODE           	0139	0000	9
		_System_Reinit 		CODE           	0150	0000	8
		_coding_syn_1527		CODE           	0157	0000	7
		_TIMER0_INITIAL		CODE           	0126	0000	11

test_ft60e21x_PA_INT.C estimated size: 355

shared
		__initialization		CODE           	000B	0000	7
		PL2            		CODE           	0090	0000	9

shared estimated size: 16

